<?xml version="1.0" encoding="UTF-8"?>
<mdb:MD_Metadata xmlns:xsi="http://www.w3.org/2001/XMLSchema-instance"
                 xmlns:cat="http://standards.iso.org/iso/19115/-3/cat/1.0"
                 xmlns:cit="http://standards.iso.org/iso/19115/-3/cit/2.0"
                 xmlns:gcx="http://standards.iso.org/iso/19115/-3/gcx/1.0"
                 xmlns:gex="http://standards.iso.org/iso/19115/-3/gex/1.0"
                 xmlns:lan="http://standards.iso.org/iso/19115/-3/lan/1.0"
                 xmlns:srv="http://standards.iso.org/iso/19115/-3/srv/2.0"
                 xmlns:mas="http://standards.iso.org/iso/19115/-3/mas/1.0"
                 xmlns:mcc="http://standards.iso.org/iso/19115/-3/mcc/1.0"
                 xmlns:mco="http://standards.iso.org/iso/19115/-3/mco/1.0"
                 xmlns:mda="http://standards.iso.org/iso/19115/-3/mda/1.0"
                 xmlns:mdb="http://standards.iso.org/iso/19115/-3/mdb/2.0"
                 xmlns:mds="http://standards.iso.org/iso/19115/-3/mds/1.0"
                 xmlns:mdt="http://standards.iso.org/iso/19115/-3/mdt/1.0"
                 xmlns:mex="http://standards.iso.org/iso/19115/-3/mex/1.0"
                 xmlns:mmi="http://standards.iso.org/iso/19115/-3/mmi/1.0"
                 xmlns:mpc="http://standards.iso.org/iso/19115/-3/mpc/1.0"
                 xmlns:mrc="http://standards.iso.org/iso/19115/-3/mrc/2.0"
                 xmlns:mrd="http://standards.iso.org/iso/19115/-3/mrd/1.0"
                 xmlns:mri="http://standards.iso.org/iso/19115/-3/mri/1.0"
                 xmlns:mrl="http://standards.iso.org/iso/19115/-3/mrl/2.0"
                 xmlns:mrs="http://standards.iso.org/iso/19115/-3/mrs/1.0"
                 xmlns:msr="http://standards.iso.org/iso/19115/-3/msr/2.0"
                 xmlns:mdq="http://standards.iso.org/iso/19157/-2/mdq/1.0"
                 xmlns:mac="http://standards.iso.org/iso/19115/-3/mac/2.0"
                 xmlns:gco="http://standards.iso.org/iso/19115/-3/gco/1.0"
                 xmlns:gml="http://www.opengis.net/gml/3.2"
                 xmlns:xlink="http://www.w3.org/1999/xlink"
                 xsi:schemaLocation="http://standards.iso.org/iso/19115/-3/cat/1.0 http://standards.iso.org/iso/19115/-3/cat/1.0/cat.xsd http://standards.iso.org/iso/19115/-3/cit/2.0 http://standards.iso.org/iso/19115/-3/cit/2.0/cit.xsd http://standards.iso.org/iso/19115/-3/gcx/1.0 http://standards.iso.org/iso/19115/-3/gcx/1.0/gcx.xsd http://standards.iso.org/iso/19115/-3/gex/1.0 http://standards.iso.org/iso/19115/-3/gex/1.0/gex.xsd http://standards.iso.org/iso/19115/-3/lan/1.0 http://standards.iso.org/iso/19115/-3/lan/1.0/lan.xsd http://standards.iso.org/iso/19115/-3/srv/2.0 http://standards.iso.org/iso/19115/-3/srv/2.0/srv.xsd http://standards.iso.org/iso/19115/-3/mas/1.0 http://standards.iso.org/iso/19115/-3/mas/1.0/mas.xsd http://standards.iso.org/iso/19115/-3/mcc/1.0 http://standards.iso.org/iso/19115/-3/mcc/1.0/mcc.xsd http://standards.iso.org/iso/19115/-3/mco/1.0 http://standards.iso.org/iso/19115/-3/mco/1.0/mco.xsd http://standards.iso.org/iso/19115/-3/mda/2.0 http://standards.iso.org/iso/19115/-3/mda/2.0/mda.xsd http://standards.iso.org/iso/19115/-3/mdb/2.0 http://standards.iso.org/iso/19115/-3/mdb/2.0/mdb.xsd http://standards.iso.org/iso/19115/-3/mds/2.0 http://standards.iso.org/iso/19115/-3/mds/2.0/mds.xsd http://standards.iso.org/iso/19115/-3/mdt/2.0 http://standards.iso.org/iso/19115/-3/mdt/2.0/mdt.xsd http://standards.iso.org/iso/19115/-3/mex/1.0 http://standards.iso.org/iso/19115/-3/mex/1.0/mex.xsd http://standards.iso.org/iso/19115/-3/mmi/1.0 http://standards.iso.org/iso/19115/-3/mmi/1.0/mmi.xsd http://standards.iso.org/iso/19115/-3/mpc/1.0 http://standards.iso.org/iso/19115/-3/mpc/1.0/mpc.xsd http://standards.iso.org/iso/19115/-3/mrc/2.0 http://standards.iso.org/iso/19115/-3/mrc/2.0/mrc.xsd http://standards.iso.org/iso/19115/-3/mrd/1.0 http://standards.iso.org/iso/19115/-3/mrd/1.0/mrd.xsd http://standards.iso.org/iso/19115/-3/mri/1.0 http://standards.iso.org/iso/19115/-3/mri/1.0/mri.xsd http://standards.iso.org/iso/19115/-3/mrl/2.0 http://standards.iso.org/iso/19115/-3/mrl/2.0/mrl.xsd http://standards.iso.org/iso/19115/-3/mrs/1.0 http://standards.iso.org/iso/19115/-3/mrs/1.0/mrs.xsd http://standards.iso.org/iso/19115/-3/msr/2.0 http://standards.iso.org/iso/19115/-3/msr/2.0/msr.xsd http://standards.iso.org/iso/19157/-2/mdq/1.0 http://standards.iso.org/iso/19157/-2/mdq/1.0/mdq.xsd http://standards.iso.org/iso/19115/-3/mac/2.0 http://standards.iso.org/iso/19115/-3/mac/2.0/mac.xsd http://standards.iso.org/iso/19115/-3/gco/1.0 http://standards.iso.org/iso/19115/-3/gco/1.0/gco.xsd http://standards.iso.org/iso/19115/-3/gmw/1.0 http://standards.iso.org/iso/19115/-3/gmw/1.0/gmw.xsd http://www.opengis.net/gml/3.2 http://schemas.opengis.net/gml/3.2.1/gml.xsd http://www.w3.org/1999/xlink http://www.w3.org/1999/xlink.xsd">
   <mdb:metadataIdentifier>
      <mcc:MD_Identifier>
         <mcc:code>
            <gco:CharacterString>4402cb50-e20a-44ee-93e6-4728259250d2</gco:CharacterString>
         </mcc:code>
      </mcc:MD_Identifier>
   </mdb:metadataIdentifier>
   <mdb:contact gco:nilReason="missing"/>
   <mdb:dateInfo gco:nilReason="missing"/>
   <mdb:metadataStandard>
      <cit:CI_Citation>
         <cit:title>
            <gco:CharacterString>ISO 19115-3:2018</gco:CharacterString>
         </cit:title>
      </cit:CI_Citation>
   </mdb:metadataStandard>
   <mdb:metadataLinkage>
      <cit:CI_OnlineResource>
         <cit:linkage>
            <gco:CharacterString>https://catalogue-imos.aodn.org.au:443/geonetwork/srv/api/records/4402cb50-e20a-44ee-93e6-4728259250d2</gco:CharacterString>
         </cit:linkage>
         <cit:protocol>
            <gco:CharacterString>WWW:LINK-1.0-http--metadata-URL</gco:CharacterString>
         </cit:protocol>
         <cit:description>
            <gco:CharacterString>Point of truth URL of this metadata record</gco:CharacterString>
         </cit:description>
      </cit:CI_OnlineResource>
   </mdb:metadataLinkage>
   <mdb:identificationInfo>
      <mri:MD_DataIdentification>
         <mri:citation gco:nilReason="missing"/>
         <mri:abstract gco:nilReason="missing"/>
         <mri:graphicOverview>
            <mcc:MD_BrowseGraphic>
               <mcc:fileName>
                  <gco:CharacterString>https://catalogue-imos.aodn.org.au:443/geonetwork/srv/api/records/4402cb50-e20a-44ee-93e6-4728259250d2/attachments/southern_surveyor_pic_s.png</gco:CharacterString>
               </mcc:fileName>
               <mcc:fileDescription>
                  <gco:CharacterString>thumbnail</gco:CharacterString>
               </mcc:fileDescription>
               <mcc:fileType>
                  <gco:CharacterString>png</gco:CharacterString>
               </mcc:fileType>
            </mcc:MD_BrowseGraphic>
         </mri:graphicOverview>
         <mri:graphicOverview>
            <mcc:MD_BrowseGraphic>
               <mcc:fileName>
                  <gco:CharacterString>http://www.marlin.csiro.au:80/geonetwork/srv/eng/resources.get?uuid=c3c9663f-50ba-41c9-b1ac-b5a9b7e9d4f7&amp;fname=imos_abd_data_oview.png</gco:CharacterString>
               </mcc:fileName>
               <mcc:fileDescription>
                  <gco:CharacterString>large_thumbnail</gco:CharacterString>
               </mcc:fileDescription>
               <mcc:fileType>
                  <gco:CharacterString>png</gco:CharacterString>
               </mcc:fileType>
            </mcc:MD_BrowseGraphic>
         </mri:graphicOverview>
         <mri:descriptiveKeywords>
            <mri:MD_Keywords>
               <mri:keyword>
                  <gco:CharacterString>Argo Floats Facility, Integrated Marine Observing System (IMOS)</gco:CharacterString>
               </mri:keyword>
               <mri:type>
                  <mri:MD_KeywordTypeCode codeList="http://standards.iso.org/iso/19115/resources/Codelists/cat/codelists.xml#MD_KeywordTypeCode"
                                          codeListValue="discipline"/>
               </mri:type>
               <mri:thesaurusName>
                  <cit:CI_Citation>
                     <cit:title>
                        <gco:CharacterString>AODN Organisation Vocabulary</gco:CharacterString>
                     </cit:title>
                     <cit:date>
                        <cit:CI_Date>
                           <cit:date>
                              <gco:DateTime>2018-07-13T11:07:00</gco:DateTime>
                           </cit:date>
                           <cit:dateType>
                              <cit:CI_DateTypeCode codeList="http://standards.iso.org/iso/19115/resources/Codelists/cat/codelists.xml#CI_DateTypeCode"
                                                   codeListValue="publication"/>
                           </cit:dateType>
                        </cit:CI_Date>
                     </cit:date>
                     <cit:identifier>
                        <mcc:MD_Identifier>
                           <mcc:code>
                              <gcx:Anchor xlink:href="https://catalogue-imos.aodn.org.au:443/geonetwork/srv/eng/thesaurus.download?ref=external.discipline.aodnorganisationvocabulary_unpublished_for_IMOS_keywords">geonetwork.thesaurus.external.discipline.aodnorganisationvocabulary_unpublished_for_IMOS_keywords</gcx:Anchor>
                           </mcc:code>
                        </mcc:MD_Identifier>
                     </cit:identifier>
                  </cit:CI_Citation>
               </mri:thesaurusName>
            </mri:MD_Keywords>
         </mri:descriptiveKeywords>
         <mri:defaultLocale>
            <lan:PT_Locale>
               <lan:language>
                  <lan:LanguageCode codeList="http://www.loc.gov/standards/iso639-2/" codeListValue="eng"/>
               </lan:language>
               <lan:characterEncoding gco:nilReason="unknown"/>
            </lan:PT_Locale>
         </mri:defaultLocale>
      </mri:MD_DataIdentification>
   </mdb:identificationInfo>
   <mdb:distributionInfo>
      <mrd:MD_Distribution>
         <mrd:distributionFormat gco:nilReason="missing"/>
         <mrd:transferOptions>
            <mrd:MD_DigitalTransferOptions>
               <mrd:onLine>
                  <cit:CI_OnlineResource>
                     <cit:linkage>
                        <gco:CharacterString>http://geoserver-123.aodn.org.au/geoserver/wms</gco:CharacterString>
                     </cit:linkage>
                     <cit:protocol>
                        <gco:CharacterString>OGC:WMS-1.1.1-http-get-map</gco:CharacterString>
                     </cit:protocol>
                     <cit:name>
                        <gco:CharacterString>imos:argo_profile_map</gco:CharacterString>
                     </cit:name>
                     <cit:description>
                        <gco:CharacterString>Argo Profiles</gco:CharacterString>
                     </cit:description>
                  </cit:CI_OnlineResource>
               </mrd:onLine>
               <mrd:onLine>
                  <cit:CI_OnlineResource>
                     <cit:linkage>
                        <gco:CharacterString>https://catalogue-imos.aodn.org.au:443/geonetwork/srv/api/records/9e5c3031-a026-48b3-a153-a70c2e2b78b9/attachments/Bronte_Tilbrook_730_report_050808.wmv</gco:CharacterString>
                     </cit:linkage>
                     <cit:protocol>
                        <gco:CharacterString>WWW:DOWNLOAD-1.0-http--downloadother</gco:CharacterString>
                     </cit:protocol>
                     <cit:name>
                        <gcx:MimeFileType type="audio/x-ms-wmv">Bronte_Tilbrook_730_report_050808.wmv</gcx:MimeFileType>
                     </cit:name>
                     <cit:description>
                        <gco:CharacterString>Video file (wmv): Research Leader Bronte Tilbrook on the ABC 7:30 Report</gco:CharacterString>
                     </cit:description>
                  </cit:CI_OnlineResource>
               </mrd:onLine>
            </mrd:MD_DigitalTransferOptions>
         </mrd:transferOptions>
      </mrd:MD_Distribution>
   </mdb:distributionInfo>
</mdb:MD_Metadata>
