<?xml version="1.0" encoding="UTF-8"?>
<mdb:MD_Metadata xmlns:xsi="http://www.w3.org/2001/XMLSchema-instance"
                 xmlns:cat="http://standards.iso.org/iso/19115/-3/cat/1.0"
                 xmlns:cit="http://standards.iso.org/iso/19115/-3/cit/2.0"
                 xmlns:gcx="http://standards.iso.org/iso/19115/-3/gcx/1.0"
                 xmlns:gex="http://standards.iso.org/iso/19115/-3/gex/1.0"
                 xmlns:lan="http://standards.iso.org/iso/19115/-3/lan/1.0"
                 xmlns:srv="http://standards.iso.org/iso/19115/-3/srv/2.0"
                 xmlns:mas="http://standards.iso.org/iso/19115/-3/mas/1.0"
                 xmlns:mcc="http://standards.iso.org/iso/19115/-3/mcc/1.0"
                 xmlns:mco="http://standards.iso.org/iso/19115/-3/mco/1.0"
                 xmlns:mda="http://standards.iso.org/iso/19115/-3/mda/1.0"
                 xmlns:mdb="http://standards.iso.org/iso/19115/-3/mdb/2.0"
                 xmlns:mds="http://standards.iso.org/iso/19115/-3/mds/1.0"
                 xmlns:mdt="http://standards.iso.org/iso/19115/-3/mdt/1.0"
                 xmlns:mex="http://standards.iso.org/iso/19115/-3/mex/1.0"
                 xmlns:mmi="http://standards.iso.org/iso/19115/-3/mmi/1.0"
                 xmlns:mpc="http://standards.iso.org/iso/19115/-3/mpc/1.0"
                 xmlns:mrc="http://standards.iso.org/iso/19115/-3/mrc/2.0"
                 xmlns:mrd="http://standards.iso.org/iso/19115/-3/mrd/1.0"
                 xmlns:mri="http://standards.iso.org/iso/19115/-3/mri/1.0"
                 xmlns:mrl="http://standards.iso.org/iso/19115/-3/mrl/2.0"
                 xmlns:mrs="http://standards.iso.org/iso/19115/-3/mrs/1.0"
                 xmlns:msr="http://standards.iso.org/iso/19115/-3/msr/2.0"
                 xmlns:mdq="http://standards.iso.org/iso/19157/-2/mdq/1.0"
                 xmlns:mac="http://standards.iso.org/iso/19115/-3/mac/2.0"
                 xmlns:gco="http://standards.iso.org/iso/19115/-3/gco/1.0"
                 xmlns:gml="http://www.opengis.net/gml/3.2"
                 xmlns:xlink="http://www.w3.org/1999/xlink"
                 xsi:schemaLocation="http://standards.iso.org/iso/19115/-3/cat/1.0 http://standards.iso.org/iso/19115/-3/cat/1.0/cat.xsd http://standards.iso.org/iso/19115/-3/cit/2.0 http://standards.iso.org/iso/19115/-3/cit/2.0/cit.xsd http://standards.iso.org/iso/19115/-3/gcx/1.0 http://standards.iso.org/iso/19115/-3/gcx/1.0/gcx.xsd http://standards.iso.org/iso/19115/-3/gex/1.0 http://standards.iso.org/iso/19115/-3/gex/1.0/gex.xsd http://standards.iso.org/iso/19115/-3/lan/1.0 http://standards.iso.org/iso/19115/-3/lan/1.0/lan.xsd http://standards.iso.org/iso/19115/-3/srv/2.0 http://standards.iso.org/iso/19115/-3/srv/2.0/srv.xsd http://standards.iso.org/iso/19115/-3/mas/1.0 http://standards.iso.org/iso/19115/-3/mas/1.0/mas.xsd http://standards.iso.org/iso/19115/-3/mcc/1.0 http://standards.iso.org/iso/19115/-3/mcc/1.0/mcc.xsd http://standards.iso.org/iso/19115/-3/mco/1.0 http://standards.iso.org/iso/19115/-3/mco/1.0/mco.xsd http://standards.iso.org/iso/19115/-3/mda/2.0 http://standards.iso.org/iso/19115/-3/mda/2.0/mda.xsd http://standards.iso.org/iso/19115/-3/mdb/2.0 http://standards.iso.org/iso/19115/-3/mdb/2.0/mdb.xsd http://standards.iso.org/iso/19115/-3/mds/2.0 http://standards.iso.org/iso/19115/-3/mds/2.0/mds.xsd http://standards.iso.org/iso/19115/-3/mdt/2.0 http://standards.iso.org/iso/19115/-3/mdt/2.0/mdt.xsd http://standards.iso.org/iso/19115/-3/mex/1.0 http://standards.iso.org/iso/19115/-3/mex/1.0/mex.xsd http://standards.iso.org/iso/19115/-3/mmi/1.0 http://standards.iso.org/iso/19115/-3/mmi/1.0/mmi.xsd http://standards.iso.org/iso/19115/-3/mpc/1.0 http://standards.iso.org/iso/19115/-3/mpc/1.0/mpc.xsd http://standards.iso.org/iso/19115/-3/mrc/2.0 http://standards.iso.org/iso/19115/-3/mrc/2.0/mrc.xsd http://standards.iso.org/iso/19115/-3/mrd/1.0 http://standards.iso.org/iso/19115/-3/mrd/1.0/mrd.xsd http://standards.iso.org/iso/19115/-3/mri/1.0 http://standards.iso.org/iso/19115/-3/mri/1.0/mri.xsd http://standards.iso.org/iso/19115/-3/mrl/2.0 http://standards.iso.org/iso/19115/-3/mrl/2.0/mrl.xsd http://standards.iso.org/iso/19115/-3/mrs/1.0 http://standards.iso.org/iso/19115/-3/mrs/1.0/mrs.xsd http://standards.iso.org/iso/19115/-3/msr/2.0 http://standards.iso.org/iso/19115/-3/msr/2.0/msr.xsd http://standards.iso.org/iso/19157/-2/mdq/1.0 http://standards.iso.org/iso/19157/-2/mdq/1.0/mdq.xsd http://standards.iso.org/iso/19115/-3/mac/2.0 http://standards.iso.org/iso/19115/-3/mac/2.0/mac.xsd http://standards.iso.org/iso/19115/-3/gco/1.0 http://standards.iso.org/iso/19115/-3/gco/1.0/gco.xsd http://standards.iso.org/iso/19115/-3/gmw/1.0 http://standards.iso.org/iso/19115/-3/gmw/1.0/gmw.xsd http://www.opengis.net/gml/3.2 http://schemas.opengis.net/gml/3.2.1/gml.xsd http://www.w3.org/1999/xlink http://www.w3.org/1999/xlink.xsd">
   <mdb:metadataIdentifier>
      <mcc:MD_Identifier>
         <mcc:code>
            <gco:CharacterString>4637bd9b-8fba-4a10-bf23-26a511e17042</gco:CharacterString>
         </mcc:code>
      </mcc:MD_Identifier>
   </mdb:metadataIdentifier>
   <mdb:contact gco:nilReason="missing"/>
   <mdb:dateInfo gco:nilReason="missing"/>
   <mdb:metadataStandard>
      <cit:CI_Citation>
         <cit:title>
            <gco:CharacterString>ISO 19115-3:2018</gco:CharacterString>
         </cit:title>
      </cit:CI_Citation>
   </mdb:metadataStandard>
   <mdb:identificationInfo>
      <mri:MD_DataIdentification>
         <mri:citation gco:nilReason="missing"/>
         <mri:abstract gco:nilReason="missing"/>
         <mri:extent>
            <gex:EX_Extent>
               <gex:description gco:nilReason="missing"/>
               <gex:geographicElement>
                  <gex:EX_GeographicBoundingBox>
                     <gex:westBoundLongitude>
                        <gco:Decimal>40</gco:Decimal>
                     </gex:westBoundLongitude>
                     <gex:eastBoundLongitude>
                        <gco:Decimal>180</gco:Decimal>
                     </gex:eastBoundLongitude>
                     <gex:southBoundLatitude>
                        <gco:Decimal>-80.0</gco:Decimal>
                     </gex:southBoundLatitude>
                     <gex:northBoundLatitude>
                        <gco:Decimal>-30.0</gco:Decimal>
                     </gex:northBoundLatitude>
                  </gex:EX_GeographicBoundingBox>
               </gex:geographicElement>
               <gex:geographicElement>
                  <gex:EX_GeographicBoundingBox>
                     <gex:westBoundLongitude>
                        <gco:Decimal>-180</gco:Decimal>
                     </gex:westBoundLongitude>
                     <gex:eastBoundLongitude>
                        <gco:Decimal>-130.0</gco:Decimal>
                     </gex:eastBoundLongitude>
                     <gex:southBoundLatitude>
                        <gco:Decimal>-80.0</gco:Decimal>
                     </gex:southBoundLatitude>
                     <gex:northBoundLatitude>
                        <gco:Decimal>-30.0</gco:Decimal>
                     </gex:northBoundLatitude>
                  </gex:EX_GeographicBoundingBox>
               </gex:geographicElement>
               <gex:geographicElement>
                  <gex:EX_BoundingPolygon>
                     <gex:polygon>
                        <gml:Polygon gml:id="polygon2" srsName="CRS:84">
                           <gml:exterior>
                              <gml:LinearRing>
                                 <gml:posList srsDimension="2">180 -70 180 -75 160 -75 160 -65 165 -65 165 -60 155 -60 155 -70 135 -70 135 -65 125 -65 125 -70 105 -70 105 -65 95 -65 95 -70 60 -70 60 -60 75 -60 75 -50 80 -50 80 -45 85 -45 85 -40 90 -40 90 -30 95 -30 95 -20 105 -20 105 -10 115 -10 115 -15 120 -15 120 -5 130 -5 130 -10 140 -10 140 0 145 0 145 5 150 5 150 0 155 0 155 -5 160 -5 160 -10 165 -10 165 -15 175 -15 175 -10 180 -10 180 -70</gml:posList>
                              </gml:LinearRing>
                           </gml:exterior>
                           <gml:interior>
                              <gml:LinearRing>
                                 <gml:posList srsDimension="2">95 -35 95 -40 105 -40 105 -35 95 -35</gml:posList>
                              </gml:LinearRing>
                           </gml:interior>
                           <gml:interior>
                              <gml:LinearRing>
                                 <gml:posList srsDimension="2">120 -40 120 -45 125 -45 125 -40 120 -40</gml:posList>
                              </gml:LinearRing>
                           </gml:interior>
                           <gml:interior>
                              <gml:LinearRing>
                                 <gml:posList srsDimension="2">145 -35 150 -35 150 -25 145 -25 145 -15 125 -15 125 -20 120 -20 120 -25 115 -25 115 -30 140 -30 140 -35 145 -35</gml:posList>
                              </gml:LinearRing>
                           </gml:interior>
                           <gml:interior>
                              <gml:LinearRing>
                                 <gml:posList srsDimension="2">90 -50 85 -50 85 -55 100 -55 100 -50 90 -50</gml:posList>
                              </gml:LinearRing>
                           </gml:interior>
                           <gml:interior>
                              <gml:LinearRing>
                                 <gml:posList srsDimension="2">105 -50 110 -50 110 -45 105 -45 105 -50</gml:posList>
                              </gml:LinearRing>
                           </gml:interior>
                        </gml:Polygon>
                     </gex:polygon>
                  </gex:EX_BoundingPolygon>
               </gex:geographicElement>
               <gex:temporalElement>
                  <gex:EX_TemporalExtent>
                     <gex:extent>
                        <gml:TimePeriod gml:id="d171e547a1049886">
                           <gml:beginPosition>2007-04-03T16:00:00</gml:beginPosition>
                           <gml:endPosition/>
                        </gml:TimePeriod>
                     </gex:extent>
                  </gex:EX_TemporalExtent>
               </gex:temporalElement>
               <gex:temporalElement>
                  <gex:EX_TemporalExtent>
                     <gex:extent>
                        <gml:TimeInstant gml:id="d6e459a1049886">
                           <gml:timePosition>2012-12-15T11:00:00</gml:timePosition>
                        </gml:TimeInstant>
                     </gex:extent>
                  </gex:EX_TemporalExtent>
               </gex:temporalElement>
               <gex:temporalElement>
                  <gex:EX_TemporalExtent>
                     <gex:extent>
                        <gml:TimePeriod gml:id="d1673317e577a1050910">
                           <gml:begin>
                              <gml:TimeInstant gml:id="d1673317e579a1050910">
                                 <gml:timePosition>2008-04-16</gml:timePosition>
                              </gml:TimeInstant>
                           </gml:begin>
                           <gml:end nilReason="missing"/>
                        </gml:TimePeriod>
                     </gex:extent>
                  </gex:EX_TemporalExtent>
               </gex:temporalElement>
               <gex:temporalElement>
                  <gex:EX_TemporalExtent>
                     <gex:extent>
                        <gml:TimePeriod gml:id="d1e327">
                           <gml:begin>
                              <gml:TimeInstant gml:id="d1e329">
                                 <gml:timePosition>1990-06-01</gml:timePosition>
                              </gml:TimeInstant>
                           </gml:begin>
                           <gml:end>
                              <gml:TimeInstant gml:id="a">
                                 <gml:timePosition indeterminatePosition="unknown"/>
                              </gml:TimeInstant>
                           </gml:end>
                        </gml:TimePeriod>
                     </gex:extent>
                  </gex:EX_TemporalExtent>
               </gex:temporalElement>
               <gex:temporalElement>
                  <gex:EX_TemporalExtent>
                     <gex:extent>
                        <gml:TimePeriod gml:id="d21e690a1049886">
                           <gml:beginPosition>1984-11-26T17:42:00</gml:beginPosition>
                           <gml:endPosition>1986-11-09T00:02:00</gml:endPosition>
                        </gml:TimePeriod>
                     </gex:extent>
                  </gex:EX_TemporalExtent>
               </gex:temporalElement>
               <gex:verticalElement>
                  <gex:EX_VerticalExtent>
                     <gex:minimumValue>
                        <gco:Real>0</gco:Real>
                     </gex:minimumValue>
                     <gex:maximumValue>
                        <gco:Real>150</gco:Real>
                     </gex:maximumValue>
                     <gex:verticalCRS>
                        <gml:VerticalCRS gml:id="d225e625a1049886">
                           <gml:identifier codeSpace="unknown">vertical coordinate reference system not used</gml:identifier>
                           <gml:scope>Australia</gml:scope>
                           <gml:usesVerticalCS>
                              <gml:VerticalCS gml:id="d225e631a1049886">
                                 <gml:identifier codeSpace="unknown">vertical coordinate reference system not used</gml:identifier>
                                 <gml:axis>
                                    <gml:CoordinateSystemAxis gml:id="d225e635a1049886" uom="metre">
                                       <gml:identifier codeSpace="unknown">metre</gml:identifier>
                                       <gml:name>Depth</gml:name>
                                       <gml:axisAbbrev>D</gml:axisAbbrev>
                                       <gml:axisDirection codeSpace="unknown">down</gml:axisDirection>
                                    </gml:CoordinateSystemAxis>
                                 </gml:axis>
                              </gml:VerticalCS>
                           </gml:usesVerticalCS>
                           <gml:verticalDatum>
                              <gml:VerticalDatum gml:id="d225e645a1049886">
                                 <gml:identifier codeSpace="unknown">vertical datum not used</gml:identifier>
                                 <gml:scope>Australia</gml:scope>
                              </gml:VerticalDatum>
                           </gml:verticalDatum>
                        </gml:VerticalCRS>
                     </gex:verticalCRS>
                  </gex:EX_VerticalExtent>
               </gex:verticalElement>
            </gex:EX_Extent>
         </mri:extent>
         <mri:defaultLocale>
            <lan:PT_Locale>
               <lan:language>
                  <lan:LanguageCode codeList="http://www.loc.gov/standards/iso639-2/" codeListValue="eng"/>
               </lan:language>
               <lan:characterEncoding gco:nilReason="unknown"/>
            </lan:PT_Locale>
         </mri:defaultLocale>
      </mri:MD_DataIdentification>
   </mdb:identificationInfo>
</mdb:MD_Metadata>
