<?xml version="1.0" encoding="UTF-8"?>
<mdb:MD_Metadata xmlns:xsi="http://www.w3.org/2001/XMLSchema-instance"
                 xmlns:cat="http://standards.iso.org/iso/19115/-3/cat/1.0"
                 xmlns:cit="http://standards.iso.org/iso/19115/-3/cit/2.0"
                 xmlns:gcx="http://standards.iso.org/iso/19115/-3/gcx/1.0"
                 xmlns:gex="http://standards.iso.org/iso/19115/-3/gex/1.0"
                 xmlns:lan="http://standards.iso.org/iso/19115/-3/lan/1.0"
                 xmlns:srv="http://standards.iso.org/iso/19115/-3/srv/2.0"
                 xmlns:mas="http://standards.iso.org/iso/19115/-3/mas/1.0"
                 xmlns:mcc="http://standards.iso.org/iso/19115/-3/mcc/1.0"
                 xmlns:mco="http://standards.iso.org/iso/19115/-3/mco/1.0"
                 xmlns:mda="http://standards.iso.org/iso/19115/-3/mda/1.0"
                 xmlns:mdb="http://standards.iso.org/iso/19115/-3/mdb/2.0"
                 xmlns:mds="http://standards.iso.org/iso/19115/-3/mds/1.0"
                 xmlns:mdt="http://standards.iso.org/iso/19115/-3/mdt/1.0"
                 xmlns:mex="http://standards.iso.org/iso/19115/-3/mex/1.0"
                 xmlns:mmi="http://standards.iso.org/iso/19115/-3/mmi/1.0"
                 xmlns:mpc="http://standards.iso.org/iso/19115/-3/mpc/1.0"
                 xmlns:mrc="http://standards.iso.org/iso/19115/-3/mrc/2.0"
                 xmlns:mrd="http://standards.iso.org/iso/19115/-3/mrd/1.0"
                 xmlns:mri="http://standards.iso.org/iso/19115/-3/mri/1.0"
                 xmlns:mrl="http://standards.iso.org/iso/19115/-3/mrl/2.0"
                 xmlns:mrs="http://standards.iso.org/iso/19115/-3/mrs/1.0"
                 xmlns:msr="http://standards.iso.org/iso/19115/-3/msr/2.0"
                 xmlns:mdq="http://standards.iso.org/iso/19157/-2/mdq/1.0"
                 xmlns:mac="http://standards.iso.org/iso/19115/-3/mac/2.0"
                 xmlns:gco="http://standards.iso.org/iso/19115/-3/gco/1.0"
                 xmlns:gml="http://www.opengis.net/gml/3.2"
                 xmlns:xlink="http://www.w3.org/1999/xlink"
                 xsi:schemaLocation="http://standards.iso.org/iso/19115/-3/cat/1.0 http://standards.iso.org/iso/19115/-3/cat/1.0/cat.xsd http://standards.iso.org/iso/19115/-3/cit/2.0 http://standards.iso.org/iso/19115/-3/cit/2.0/cit.xsd http://standards.iso.org/iso/19115/-3/gcx/1.0 http://standards.iso.org/iso/19115/-3/gcx/1.0/gcx.xsd http://standards.iso.org/iso/19115/-3/gex/1.0 http://standards.iso.org/iso/19115/-3/gex/1.0/gex.xsd http://standards.iso.org/iso/19115/-3/lan/1.0 http://standards.iso.org/iso/19115/-3/lan/1.0/lan.xsd http://standards.iso.org/iso/19115/-3/srv/2.0 http://standards.iso.org/iso/19115/-3/srv/2.0/srv.xsd http://standards.iso.org/iso/19115/-3/mas/1.0 http://standards.iso.org/iso/19115/-3/mas/1.0/mas.xsd http://standards.iso.org/iso/19115/-3/mcc/1.0 http://standards.iso.org/iso/19115/-3/mcc/1.0/mcc.xsd http://standards.iso.org/iso/19115/-3/mco/1.0 http://standards.iso.org/iso/19115/-3/mco/1.0/mco.xsd http://standards.iso.org/iso/19115/-3/mda/2.0 http://standards.iso.org/iso/19115/-3/mda/2.0/mda.xsd http://standards.iso.org/iso/19115/-3/mdb/2.0 http://standards.iso.org/iso/19115/-3/mdb/2.0/mdb.xsd http://standards.iso.org/iso/19115/-3/mds/2.0 http://standards.iso.org/iso/19115/-3/mds/2.0/mds.xsd http://standards.iso.org/iso/19115/-3/mdt/2.0 http://standards.iso.org/iso/19115/-3/mdt/2.0/mdt.xsd http://standards.iso.org/iso/19115/-3/mex/1.0 http://standards.iso.org/iso/19115/-3/mex/1.0/mex.xsd http://standards.iso.org/iso/19115/-3/mmi/1.0 http://standards.iso.org/iso/19115/-3/mmi/1.0/mmi.xsd http://standards.iso.org/iso/19115/-3/mpc/1.0 http://standards.iso.org/iso/19115/-3/mpc/1.0/mpc.xsd http://standards.iso.org/iso/19115/-3/mrc/2.0 http://standards.iso.org/iso/19115/-3/mrc/2.0/mrc.xsd http://standards.iso.org/iso/19115/-3/mrd/1.0 http://standards.iso.org/iso/19115/-3/mrd/1.0/mrd.xsd http://standards.iso.org/iso/19115/-3/mri/1.0 http://standards.iso.org/iso/19115/-3/mri/1.0/mri.xsd http://standards.iso.org/iso/19115/-3/mrl/2.0 http://standards.iso.org/iso/19115/-3/mrl/2.0/mrl.xsd http://standards.iso.org/iso/19115/-3/mrs/1.0 http://standards.iso.org/iso/19115/-3/mrs/1.0/mrs.xsd http://standards.iso.org/iso/19115/-3/msr/2.0 http://standards.iso.org/iso/19115/-3/msr/2.0/msr.xsd http://standards.iso.org/iso/19157/-2/mdq/1.0 http://standards.iso.org/iso/19157/-2/mdq/1.0/mdq.xsd http://standards.iso.org/iso/19115/-3/mac/2.0 http://standards.iso.org/iso/19115/-3/mac/2.0/mac.xsd http://standards.iso.org/iso/19115/-3/gco/1.0 http://standards.iso.org/iso/19115/-3/gco/1.0/gco.xsd http://standards.iso.org/iso/19115/-3/gmw/1.0 http://standards.iso.org/iso/19115/-3/gmw/1.0/gmw.xsd http://www.opengis.net/gml/3.2 http://schemas.opengis.net/gml/3.2.1/gml.xsd http://www.w3.org/1999/xlink http://www.w3.org/1999/xlink.xsd">
   <mdb:metadataIdentifier>
      <mcc:MD_Identifier>
         <mcc:code>
            <gco:CharacterString>8af21108-c535-43bf-8dab-c1f45a26088c</gco:CharacterString>
         </mcc:code>
      </mcc:MD_Identifier>
   </mdb:metadataIdentifier>
   <mdb:contact gco:nilReason="missing"/>
   <mdb:dateInfo gco:nilReason="missing"/>
   <mdb:metadataStandard>
      <cit:CI_Citation>
         <cit:title>
            <gco:CharacterString>ISO 19115-3:2018</gco:CharacterString>
         </cit:title>
      </cit:CI_Citation>
   </mdb:metadataStandard>
   <mdb:identificationInfo gco:nilReason="missing"/>
   <mdb:distributionInfo>
      <mrd:MD_Distribution>
         <mrd:distributionFormat>
            <mrd:MD_Format>
               <mrd:formatSpecificationCitation>
                  <cit:CI_Citation>
                     <cit:title>
                        <gco:CharacterString>Web Download</gco:CharacterString>
                     </cit:title>
                     <cit:alternateTitle>
                        <gco:CharacterString>Stored Volume: The phytoplankton database is ~3,700,000 records.</gco:CharacterString>
                     </cit:alternateTitle>
                     <cit:date gco:nilReason="unknown"/>
                     <cit:edition>
                        <gco:CharacterString>HTTP:1.1</gco:CharacterString>
                     </cit:edition>
                     <cit:identifier>
                        <mcc:MD_Identifier>
                           <mcc:code>
                              <gco:CharacterString>Web Download</gco:CharacterString>
                           </mcc:code>
                        </mcc:MD_Identifier>
                     </cit:identifier>
                  </cit:CI_Citation>
               </mrd:formatSpecificationCitation>
            </mrd:MD_Format>
         </mrd:distributionFormat>
         <mrd:distributionFormat>
            <mrd:MD_Format>
               <mrd:formatSpecificationCitation>
                  <cit:CI_Citation>
                     <cit:title gco:nilReason="missing">
                        <gco:CharacterString/>
                     </cit:title>
                     <cit:alternateTitle/>
                     <cit:date gco:nilReason="unknown"/>
                     <cit:edition gco:nilReason="missing">
                        <gco:CharacterString/>
                     </cit:edition>
                     <cit:identifier>
                        <mcc:MD_Identifier>
                           <mcc:code gco:nilReason="missing">
                              <gco:CharacterString/>
                           </mcc:code>
                        </mcc:MD_Identifier>
                     </cit:identifier>
                  </cit:CI_Citation>
               </mrd:formatSpecificationCitation>
            </mrd:MD_Format>
         </mrd:distributionFormat>
         <mrd:distributor>
            <mrd:MD_Distributor>
               <mrd:distributorContact>
                  <cit:CI_Responsibility>
                     <cit:role>
                        <cit:CI_RoleCode codeList="http://standards.iso.org/iso/19115/resources/Codelists/cat/codelists.xml#CI_RoleCode"
                                         codeListValue="custodian"/>
                     </cit:role>
                     <cit:party>
                        <cit:CI_Organisation>
                           <cit:name>
                              <gco:CharacterString>Australian Institute of Marine Science (AIMS)</gco:CharacterString>
                           </cit:name>
                           <cit:contactInfo>
                              <cit:CI_Contact>
                                 <cit:phone>
                                    <cit:CI_Telephone>
                                       <cit:number>
                                          <gco:CharacterString>+61 7 4753 4444</gco:CharacterString>
                                       </cit:number>
                                       <cit:numberType>
                                          <cit:CI_TelephoneTypeCode codeList="http://standards.iso.org/iso/19115/resources/Codelists/cat/codelists.xml#CI_TelephoneTypeCode"
                                                                    codeListValue="voice"/>
                                       </cit:numberType>
                                    </cit:CI_Telephone>
                                 </cit:phone>
                                 <cit:phone>
                                    <cit:CI_Telephone>
                                       <cit:number>
                                          <gco:CharacterString>+61 7 4772 5852</gco:CharacterString>
                                       </cit:number>
                                       <cit:numberType>
                                          <cit:CI_TelephoneTypeCode codeList="http://standards.iso.org/iso/19115/resources/Codelists/cat/codelists.xml#CI_TelephoneTypeCode"
                                                                    codeListValue="facsimile"/>
                                       </cit:numberType>
                                    </cit:CI_Telephone>
                                 </cit:phone>
                                 <cit:address>
                                    <cit:CI_Address>
                                       <cit:deliveryPoint>
                                          <gco:CharacterString>PRIVATE MAIL BAG 3</gco:CharacterString>
                                       </cit:deliveryPoint>
                                       <cit:city>
                                          <gco:CharacterString>TOWNSVILLE MAIL CENTRE</gco:CharacterString>
                                       </cit:city>
                                       <cit:administrativeArea>
                                          <gco:CharacterString>Queensland</gco:CharacterString>
                                       </cit:administrativeArea>
                                       <cit:postalCode>
                                          <gco:CharacterString>4810</gco:CharacterString>
                                       </cit:postalCode>
                                       <cit:country>
                                          <gco:CharacterString>Australia</gco:CharacterString>
                                       </cit:country>
                                       <cit:electronicMailAddress>
                                          <gco:CharacterString>adc@aims.gov.au</gco:CharacterString>
                                       </cit:electronicMailAddress>
                                    </cit:CI_Address>
                                 </cit:address>
                                 <cit:onlineResource>
                                    <cit:CI_OnlineResource>
                                       <cit:linkage>
                                          <gco:CharacterString>http://www.aims.gov.au/adc</gco:CharacterString>
                                       </cit:linkage>
                                       <cit:protocol>
                                          <gco:CharacterString>WWW:LINK-1.0-http--link</gco:CharacterString>
                                       </cit:protocol>
                                    </cit:CI_OnlineResource>
                                 </cit:onlineResource>
                              </cit:CI_Contact>
                           </cit:contactInfo>
                           <cit:individual>
                              <cit:CI_Individual>
                                 <cit:name>
                                    <gco:CharacterString>AADC, DATA OFFICER</gco:CharacterString>
                                 </cit:name>
                                 <cit:positionName>
                                    <gco:CharacterString>Data Manager, AIMS Data Centre</gco:CharacterString>
                                 </cit:positionName>
                              </cit:CI_Individual>
                           </cit:individual>
                        </cit:CI_Organisation>
                     </cit:party>
                  </cit:CI_Responsibility>
               </mrd:distributorContact>
               <mrd:distributionOrderProcess>
                  <mrd:MD_StandardOrderProcess>
                     <mrd:fees>
                        <gco:CharacterString>free</gco:CharacterString>
                     </mrd:fees>
                     <mrd:plannedAvailableDateTime>
                        <gco:DateTime>2012-05-28T12:00:00</gco:DateTime>
                     </mrd:plannedAvailableDateTime>
                  </mrd:MD_StandardOrderProcess>
               </mrd:distributionOrderProcess>
            </mrd:MD_Distributor>
         </mrd:distributor>
         <mrd:transferOptions>
            <mrd:MD_DigitalTransferOptions>
               <mrd:unitsOfDistribution>
                  <gco:CharacterString>MB</gco:CharacterString>
               </mrd:unitsOfDistribution>
               <mrd:transferSize>
                  <gco:Real>24</gco:Real>
               </mrd:transferSize>
               <mrd:onLine>
                  <cit:CI_OnlineResource>
                     <cit:linkage>
                        <gco:CharacterString>http://data.aims.gov.au/extpubs/do/viewPub.do?articleId=8541</gco:CharacterString>
                     </cit:linkage>
                     <cit:protocol>
                        <gco:CharacterString>WWW:LINK-1.0-http--related</gco:CharacterString>
                     </cit:protocol>
                     <cit:applicationProfile gco:nilReason="missing">
                        <gco:CharacterString/>
                     </cit:applicationProfile>
                     <cit:name>
                        <gco:CharacterString>Enhancing ship of opportunity sea surface temperature observations in the Australian region</gco:CharacterString>
                     </cit:name>
                     <cit:description>
                        <gco:CharacterString>Beggs H, Verein R, Kippo H, Underwood M, Barton IJ, Steinberg CR, Schulz E, Hibbins R, Thomas A and Ball G (2009) Enhancing ship of opportunity sea surface temperature observations in the Australian region. unformatted - In: Proceedings of the GHRSST Data Users Symposium, Santa Rosa, USA, 28-29 May 2009.</gco:CharacterString>
                     </cit:description>
                     <cit:function>
                        <cit:CI_OnLineFunctionCode codeList="http://standards.iso.org/iso/19115/resources/Codelists/cat/codelists.xml#CI_OnLineFunctionCode"
                                                   codeListValue="information"/>
                     </cit:function>
                  </cit:CI_OnlineResource>
               </mrd:onLine>
               <mrd:onLine>
                  <cit:CI_OnlineResource>
                     <cit:linkage>
                        <gco:CharacterString>http://imos.org.au/tropicalresearchvessels.html</gco:CharacterString>
                     </cit:linkage>
                     <cit:protocol>
                        <gco:CharacterString>WWW:LINK-1.0-http--link</gco:CharacterString>
                     </cit:protocol>
                     <cit:name gco:nilReason="missing">
                        <gco:CharacterString/>
                     </cit:name>
                     <cit:description gco:nilReason="missing">
                        <gco:CharacterString/>
                     </cit:description>
                  </cit:CI_OnlineResource>
               </mrd:onLine>
               <mrd:onLine>
                  <cit:CI_OnlineResource>
                     <cit:linkage gco:nilReason="missing">
                        <gco:CharacterString/>
                     </cit:linkage>
                     <cit:protocol gco:nilReason="missing">
                        <gco:CharacterString/>
                     </cit:protocol>
                     <cit:name>
                        <gcx:MimeFileType type="application/octet-stream"/>
                     </cit:name>
                  </cit:CI_OnlineResource>
               </mrd:onLine>
               <mrd:offLine>
                  <mrd:MD_Medium>
                     <mrd:name>
                        <cit:CI_Citation>
                           <cit:title>
                              <gco:CharacterString>onLine</gco:CharacterString>
                           </cit:title>
                        </cit:CI_Citation>
                     </mrd:name>
                  </mrd:MD_Medium>
               </mrd:offLine>
            </mrd:MD_DigitalTransferOptions>
         </mrd:transferOptions>
         <mrd:transferOptions>
            <mrd:MD_DigitalTransferOptions>
               <mrd:unitsOfDistribution gco:nilReason="missing">
                  <gco:CharacterString/>
               </mrd:unitsOfDistribution>
               <mrd:transferSize gco:nilReason="missing"/>
            </mrd:MD_DigitalTransferOptions>
         </mrd:transferOptions>
      </mrd:MD_Distribution>
   </mdb:distributionInfo>
</mdb:MD_Metadata>
