<?xml version="1.0" encoding="UTF-8"?>
<mdb:MD_Metadata xmlns:xsi="http://www.w3.org/2001/XMLSchema-instance"
                 xmlns:cat="http://standards.iso.org/iso/19115/-3/cat/1.0"
                 xmlns:cit="http://standards.iso.org/iso/19115/-3/cit/2.0"
                 xmlns:gcx="http://standards.iso.org/iso/19115/-3/gcx/1.0"
                 xmlns:gex="http://standards.iso.org/iso/19115/-3/gex/1.0"
                 xmlns:lan="http://standards.iso.org/iso/19115/-3/lan/1.0"
                 xmlns:srv="http://standards.iso.org/iso/19115/-3/srv/2.0"
                 xmlns:mas="http://standards.iso.org/iso/19115/-3/mas/1.0"
                 xmlns:mcc="http://standards.iso.org/iso/19115/-3/mcc/1.0"
                 xmlns:mco="http://standards.iso.org/iso/19115/-3/mco/1.0"
                 xmlns:mda="http://standards.iso.org/iso/19115/-3/mda/1.0"
                 xmlns:mdb="http://standards.iso.org/iso/19115/-3/mdb/2.0"
                 xmlns:mds="http://standards.iso.org/iso/19115/-3/mds/1.0"
                 xmlns:mdt="http://standards.iso.org/iso/19115/-3/mdt/1.0"
                 xmlns:mex="http://standards.iso.org/iso/19115/-3/mex/1.0"
                 xmlns:mmi="http://standards.iso.org/iso/19115/-3/mmi/1.0"
                 xmlns:mpc="http://standards.iso.org/iso/19115/-3/mpc/1.0"
                 xmlns:mrc="http://standards.iso.org/iso/19115/-3/mrc/2.0"
                 xmlns:mrd="http://standards.iso.org/iso/19115/-3/mrd/1.0"
                 xmlns:mri="http://standards.iso.org/iso/19115/-3/mri/1.0"
                 xmlns:mrl="http://standards.iso.org/iso/19115/-3/mrl/2.0"
                 xmlns:mrs="http://standards.iso.org/iso/19115/-3/mrs/1.0"
                 xmlns:msr="http://standards.iso.org/iso/19115/-3/msr/2.0"
                 xmlns:mdq="http://standards.iso.org/iso/19157/-2/mdq/1.0"
                 xmlns:mac="http://standards.iso.org/iso/19115/-3/mac/2.0"
                 xmlns:gco="http://standards.iso.org/iso/19115/-3/gco/1.0"
                 xmlns:gml="http://www.opengis.net/gml/3.2"
                 xmlns:xlink="http://www.w3.org/1999/xlink"
                 xsi:schemaLocation="http://standards.iso.org/iso/19115/-3/cat/1.0 http://standards.iso.org/iso/19115/-3/cat/1.0/cat.xsd http://standards.iso.org/iso/19115/-3/cit/2.0 http://standards.iso.org/iso/19115/-3/cit/2.0/cit.xsd http://standards.iso.org/iso/19115/-3/gcx/1.0 http://standards.iso.org/iso/19115/-3/gcx/1.0/gcx.xsd http://standards.iso.org/iso/19115/-3/gex/1.0 http://standards.iso.org/iso/19115/-3/gex/1.0/gex.xsd http://standards.iso.org/iso/19115/-3/lan/1.0 http://standards.iso.org/iso/19115/-3/lan/1.0/lan.xsd http://standards.iso.org/iso/19115/-3/srv/2.0 http://standards.iso.org/iso/19115/-3/srv/2.0/srv.xsd http://standards.iso.org/iso/19115/-3/mas/1.0 http://standards.iso.org/iso/19115/-3/mas/1.0/mas.xsd http://standards.iso.org/iso/19115/-3/mcc/1.0 http://standards.iso.org/iso/19115/-3/mcc/1.0/mcc.xsd http://standards.iso.org/iso/19115/-3/mco/1.0 http://standards.iso.org/iso/19115/-3/mco/1.0/mco.xsd http://standards.iso.org/iso/19115/-3/mda/2.0 http://standards.iso.org/iso/19115/-3/mda/2.0/mda.xsd http://standards.iso.org/iso/19115/-3/mdb/2.0 http://standards.iso.org/iso/19115/-3/mdb/2.0/mdb.xsd http://standards.iso.org/iso/19115/-3/mds/2.0 http://standards.iso.org/iso/19115/-3/mds/2.0/mds.xsd http://standards.iso.org/iso/19115/-3/mdt/2.0 http://standards.iso.org/iso/19115/-3/mdt/2.0/mdt.xsd http://standards.iso.org/iso/19115/-3/mex/1.0 http://standards.iso.org/iso/19115/-3/mex/1.0/mex.xsd http://standards.iso.org/iso/19115/-3/mmi/1.0 http://standards.iso.org/iso/19115/-3/mmi/1.0/mmi.xsd http://standards.iso.org/iso/19115/-3/mpc/1.0 http://standards.iso.org/iso/19115/-3/mpc/1.0/mpc.xsd http://standards.iso.org/iso/19115/-3/mrc/2.0 http://standards.iso.org/iso/19115/-3/mrc/2.0/mrc.xsd http://standards.iso.org/iso/19115/-3/mrd/1.0 http://standards.iso.org/iso/19115/-3/mrd/1.0/mrd.xsd http://standards.iso.org/iso/19115/-3/mri/1.0 http://standards.iso.org/iso/19115/-3/mri/1.0/mri.xsd http://standards.iso.org/iso/19115/-3/mrl/2.0 http://standards.iso.org/iso/19115/-3/mrl/2.0/mrl.xsd http://standards.iso.org/iso/19115/-3/mrs/1.0 http://standards.iso.org/iso/19115/-3/mrs/1.0/mrs.xsd http://standards.iso.org/iso/19115/-3/msr/2.0 http://standards.iso.org/iso/19115/-3/msr/2.0/msr.xsd http://standards.iso.org/iso/19157/-2/mdq/1.0 http://standards.iso.org/iso/19157/-2/mdq/1.0/mdq.xsd http://standards.iso.org/iso/19115/-3/mac/2.0 http://standards.iso.org/iso/19115/-3/mac/2.0/mac.xsd http://standards.iso.org/iso/19115/-3/gco/1.0 http://standards.iso.org/iso/19115/-3/gco/1.0/gco.xsd http://standards.iso.org/iso/19115/-3/gmw/1.0 http://standards.iso.org/iso/19115/-3/gmw/1.0/gmw.xsd http://www.opengis.net/gml/3.2 http://schemas.opengis.net/gml/3.2.1/gml.xsd http://www.w3.org/1999/xlink http://www.w3.org/1999/xlink.xsd">
   <mdb:metadataIdentifier>
      <mcc:MD_Identifier>
         <mcc:code>
            <gco:CharacterString>2cb90b2f-5d21-4992-a786-a9e8429dc026</gco:CharacterString>
         </mcc:code>
      </mcc:MD_Identifier>
   </mdb:metadataIdentifier>
   <mdb:defaultLocale>
      <lan:PT_Locale>
         <lan:language>
            <lan:LanguageCode codeList="http://www.loc.gov/standards/iso639-2/" codeListValue="eng"/>
         </lan:language>
         <lan:characterEncoding>
            <lan:MD_CharacterSetCode codeList="http://standards.iso.org/iso/19115/resources/Codelists/cat/codelists.xml#MD_CharacterSetCode"
                                     codeListValue="utf8"/>
         </lan:characterEncoding>
      </lan:PT_Locale>
   </mdb:defaultLocale>
   <mdb:parentMetadata uuidref=""/>
   <mdb:metadataScope>
      <mdb:MD_MetadataScope>
         <mdb:resourceScope>
            <mcc:MD_ScopeCode codeList="http://standards.iso.org/iso/19115/resources/Codelists/cat/codelists.xml#MD_ScopeCode"
                              codeListValue="dataset"/>
         </mdb:resourceScope>
         <mdb:name gco:nilReason="missing">
            <gco:CharacterString/>
         </mdb:name>
      </mdb:MD_MetadataScope>
   </mdb:metadataScope>
   <mdb:contact>
      <cit:CI_Responsibility>
         <cit:role>
            <cit:CI_RoleCode codeList="http://standards.iso.org/iso/19115/resources/Codelists/cat/codelists.xml#CI_RoleCode"
                             codeListValue="principalInvestigator"/>
         </cit:role>
         <cit:party>
            <cit:CI_Organisation>
               <cit:name>
                  <gco:CharacterString>Western Australian Museum (WAM)</gco:CharacterString>
               </cit:name>
               <cit:individual>
                  <cit:CI_Individual>
                     <cit:name>
                        <gco:CharacterString>Fromont, Jane, Dr</gco:CharacterString>
                     </cit:name>
                     <cit:contactInfo>
                        <cit:CI_Contact>
                           <cit:phone>
                              <cit:CI_Telephone>
                                 <cit:number gco:nilReason="missing">
                                    <gco:CharacterString/>
                                 </cit:number>
                                 <cit:numberType>
                                    <cit:CI_TelephoneTypeCode codeList="http://standards.iso.org/iso/19115/resources/Codelists/cat/codelists.xml#CI_TelephoneTypeCode"
                                                              codeListValue="voice"/>
                                 </cit:numberType>
                              </cit:CI_Telephone>
                           </cit:phone>
                           <cit:phone>
                              <cit:CI_Telephone>
                                 <cit:number gco:nilReason="missing">
                                    <gco:CharacterString/>
                                 </cit:number>
                                 <cit:numberType>
                                    <cit:CI_TelephoneTypeCode codeList="http://standards.iso.org/iso/19115/resources/Codelists/cat/codelists.xml#CI_TelephoneTypeCode"
                                                              codeListValue="facsimile"/>
                                 </cit:numberType>
                              </cit:CI_Telephone>
                           </cit:phone>
                           <cit:address>
                              <cit:CI_Address>
                                 <cit:deliveryPoint gco:nilReason="missing">
                                    <gco:CharacterString/>
                                 </cit:deliveryPoint>
                                 <cit:city gco:nilReason="missing">
                                    <gco:CharacterString/>
                                 </cit:city>
                                 <cit:administrativeArea gco:nilReason="missing">
                                    <gco:CharacterString/>
                                 </cit:administrativeArea>
                                 <cit:postalCode gco:nilReason="missing">
                                    <gco:CharacterString/>
                                 </cit:postalCode>
                                 <cit:country gco:nilReason="missing">
                                    <gco:CharacterString/>
                                 </cit:country>
                                 <cit:electronicMailAddress>
                                    <gco:CharacterString>Jane.Fromont@museum.wa.gov.au</gco:CharacterString>
                                 </cit:electronicMailAddress>
                              </cit:CI_Address>
                           </cit:address>
                        </cit:CI_Contact>
                     </cit:contactInfo>
                     <cit:positionName gco:nilReason="missing">
                        <gco:CharacterString/>
                     </cit:positionName>
                  </cit:CI_Individual>
               </cit:individual>
            </cit:CI_Organisation>
         </cit:party>
      </cit:CI_Responsibility>
   </mdb:contact>
   <mdb:dateInfo>
      <cit:CI_Date>
         <cit:date>
            <gco:DateTime>2017-11-21T18:11:57</gco:DateTime>
         </cit:date>
         <cit:dateType>
            <cit:CI_DateTypeCode codeList="http://standards.iso.org/iso/19115/resources/Codelists/cat/codelists.xml#CI_DateTypeCode"
                                 codeListValue="creation"/>
         </cit:dateType>
      </cit:CI_Date>
   </mdb:dateInfo>
   <mdb:dateInfo>
      <cit:CI_Date>
         <cit:date>
            <gco:DateTime>2017-11-21T18:11:57</gco:DateTime>
         </cit:date>
         <cit:dateType>
            <cit:CI_DateTypeCode codeList="http://standards.iso.org/iso/19115/resources/Codelists/cat/codelists.xml#CI_DateTypeCode"
                                 codeListValue="revision"/>
         </cit:dateType>
      </cit:CI_Date>
   </mdb:dateInfo>
   <mdb:metadataStandard>
      <cit:CI_Citation>
         <cit:title>
            <gco:CharacterString>ISO 19115-3:2018</gco:CharacterString>
         </cit:title>
      </cit:CI_Citation>
   </mdb:metadataStandard>
   <mdb:metadataLinkage>
      <cit:CI_OnlineResource>
         <cit:linkage>
            <gco:CharacterString>https://catalogue.aodn.org.au:443/geonetwork/srv/en/metadata.show?uuid=2cb90b2f-5d21-4992-a786-a9e8429dc026</gco:CharacterString>
         </cit:linkage>
         <cit:protocol>
            <gco:CharacterString>WWW:LINK-1.0-http--metadata-URL</gco:CharacterString>
         </cit:protocol>
         <cit:description>
            <gco:CharacterString>Point of truth URL of this metadata record</gco:CharacterString>
         </cit:description>
      </cit:CI_OnlineResource>
   </mdb:metadataLinkage>
   <mdb:identificationInfo>
      <mri:MD_DataIdentification>
         <mri:citation>
            <cit:CI_Citation>
               <cit:title>
                  <gco:CharacterString>WAMSI Node 3.1.1d: Deep water benthic biodiversity of Ningaloo Marine Park</gco:CharacterString>
               </cit:title>
               <cit:date>
                  <cit:CI_Date>
                     <cit:date>
                        <gco:DateTime>2012-05-03T11:37:00</gco:DateTime>
                     </cit:date>
                     <cit:dateType>
                        <cit:CI_DateTypeCode codeList="http://standards.iso.org/iso/19115/resources/Codelists/cat/codelists.xml#CI_DateTypeCode"
                                             codeListValue="revision"/>
                     </cit:dateType>
                  </cit:CI_Date>
               </cit:date>
            </cit:CI_Citation>
         </mri:citation>
         <mri:abstract>
            <gco:CharacterString>The major objective of this study was to characterize the species occurring in the deep water communities of NMP. Additionally, the project documented the dominant species in the communities, the distribution of the habitats along the reef, determined the significance of the biodiversity, and examined whether the communities were adequately represented in sanctuary zoning scheme for the marine park through sampling selected stations.

Stations were selected latitudinally along the reef between the Muiron Islands and Red Bluff (see thumbnail). A total of 145 stations were sampled between 18 to 144 metres depth by sled (49 in 2006, 12 in 2007 and 84 in 2008).</gco:CharacterString>
         </mri:abstract>
         <mri:credit>
            <gco:CharacterString>Lee Betterridge: Western Australian Museum (WAM)</gco:CharacterString>
         </mri:credit>
         <mri:credit>
            <gco:CharacterString>Oliver Gomez: Western Australian Museum (WAM)</gco:CharacterString>
         </mri:credit>
         <mri:credit>
            <gco:CharacterString>Andrew Hosie: Western Australian Museum (WAM)</gco:CharacterString>
         </mri:credit>
         <mri:credit>
            <gco:CharacterString>Loisette Marsh: Western Australian Museum (WAM)</gco:CharacterString>
         </mri:credit>
         <mri:credit>
            <gco:CharacterString>Mark Salotti: Western Australian Museum (WAM)</gco:CharacterString>
         </mri:credit>
         <mri:credit>
            <gco:CharacterString>Alison Sampey: Western Australian Museum (WAM)</gco:CharacterString>
         </mri:credit>
         <mri:credit>
            <gco:CharacterString>Shirley Slack-Smith: Western Australian Museum (WAM)</gco:CharacterString>
         </mri:credit>
         <mri:credit>
            <gco:CharacterString>Corey Whisson: Western Australian Museum (WAM)</gco:CharacterString>
         </mri:credit>
         <mri:credit>
            <gco:CharacterString>Jamie Colquhoun: Australian Institute of Marine Science (AIMS)</gco:CharacterString>
         </mri:credit>
         <mri:credit>
            <gco:CharacterString>Ben Radford: Australian Institute of Marine Science (AIMS)</gco:CharacterString>
         </mri:credit>
         <mri:credit>
            <gco:CharacterString>Christine Schönberg: Australian Institute of Marine Science (AIMS)</gco:CharacterString>
         </mri:credit>
         <mri:credit>
            <gco:CharacterString>Tyrone Ridgway: Australian Institute of Marine Science (AIMS)</gco:CharacterString>
         </mri:credit>
         <mri:status>
            <mcc:MD_ProgressCode codeList="http://standards.iso.org/iso/19115/resources/Codelists/cat/codelists.xml#MD_ProgressCode"
                                 codeListValue="completed"/>
         </mri:status>
         <mri:pointOfContact>
            <cit:CI_Responsibility>
               <cit:role>
                  <cit:CI_RoleCode codeList="http://standards.iso.org/iso/19115/resources/Codelists/cat/codelists.xml#CI_RoleCode"
                                   codeListValue="principalInvestigator"/>
               </cit:role>
               <cit:party>
                  <cit:CI_Organisation>
                     <cit:name>
                        <gco:CharacterString>Western Australian Museum (WAM)</gco:CharacterString>
                     </cit:name>
                     <cit:individual>
                        <cit:CI_Individual>
                           <cit:name>
                              <gco:CharacterString>Fromont, Jane, Dr</gco:CharacterString>
                           </cit:name>
                           <cit:contactInfo>
                              <cit:CI_Contact>
                                 <cit:phone>
                                    <cit:CI_Telephone>
                                       <cit:number gco:nilReason="missing">
                                          <gco:CharacterString/>
                                       </cit:number>
                                       <cit:numberType>
                                          <cit:CI_TelephoneTypeCode codeList="http://standards.iso.org/iso/19115/resources/Codelists/cat/codelists.xml#CI_TelephoneTypeCode"
                                                                    codeListValue="voice"/>
                                       </cit:numberType>
                                    </cit:CI_Telephone>
                                 </cit:phone>
                                 <cit:phone>
                                    <cit:CI_Telephone>
                                       <cit:number gco:nilReason="missing">
                                          <gco:CharacterString/>
                                       </cit:number>
                                       <cit:numberType>
                                          <cit:CI_TelephoneTypeCode codeList="http://standards.iso.org/iso/19115/resources/Codelists/cat/codelists.xml#CI_TelephoneTypeCode"
                                                                    codeListValue="facsimile"/>
                                       </cit:numberType>
                                    </cit:CI_Telephone>
                                 </cit:phone>
                                 <cit:address>
                                    <cit:CI_Address>
                                       <cit:deliveryPoint gco:nilReason="missing">
                                          <gco:CharacterString/>
                                       </cit:deliveryPoint>
                                       <cit:city gco:nilReason="missing">
                                          <gco:CharacterString/>
                                       </cit:city>
                                       <cit:administrativeArea gco:nilReason="missing">
                                          <gco:CharacterString/>
                                       </cit:administrativeArea>
                                       <cit:postalCode gco:nilReason="missing">
                                          <gco:CharacterString/>
                                       </cit:postalCode>
                                       <cit:country gco:nilReason="missing">
                                          <gco:CharacterString/>
                                       </cit:country>
                                       <cit:electronicMailAddress>
                                          <gco:CharacterString>Jane.Fromont@museum.wa.gov.au</gco:CharacterString>
                                       </cit:electronicMailAddress>
                                    </cit:CI_Address>
                                 </cit:address>
                              </cit:CI_Contact>
                           </cit:contactInfo>
                           <cit:positionName gco:nilReason="missing">
                              <gco:CharacterString/>
                           </cit:positionName>
                        </cit:CI_Individual>
                     </cit:individual>
                  </cit:CI_Organisation>
               </cit:party>
            </cit:CI_Responsibility>
         </mri:pointOfContact>
         <mri:spatialRepresentationType>
            <mcc:MD_SpatialRepresentationTypeCode codeList="http://standards.iso.org/iso/19115/resources/Codelists/cat/codelists.xml#MD_SpatialRepresentationTypeCode"
                                                  codeListValue="textTable"/>
         </mri:spatialRepresentationType>
         <mri:topicCategory>
            <mri:MD_TopicCategoryCode>oceans</mri:MD_TopicCategoryCode>
         </mri:topicCategory>
         <mri:topicCategory>
            <mri:MD_TopicCategoryCode>biota</mri:MD_TopicCategoryCode>
         </mri:topicCategory>
         <mri:extent>
            <gex:EX_Extent>
               <gex:geographicElement>
                  <gex:EX_GeographicBoundingBox>
                     <gex:westBoundLongitude>
                        <gco:Decimal>112.99</gco:Decimal>
                     </gex:westBoundLongitude>
                     <gex:eastBoundLongitude>
                        <gco:Decimal>114.16</gco:Decimal>
                     </gex:eastBoundLongitude>
                     <gex:southBoundLatitude>
                        <gco:Decimal>-23.76</gco:Decimal>
                     </gex:southBoundLatitude>
                     <gex:northBoundLatitude>
                        <gco:Decimal>-21.47</gco:Decimal>
                     </gex:northBoundLatitude>
                  </gex:EX_GeographicBoundingBox>
               </gex:geographicElement>
               <gex:temporalElement>
                  <gex:EX_TemporalExtent>
                     <gex:extent>
                        <gml:TimePeriod gml:id="N10315">
                           <gml:begin>
                              <gml:TimeInstant gml:id="N1031B">
                                 <gml:timePosition>2006-01-01T00:00:00</gml:timePosition>
                              </gml:TimeInstant>
                           </gml:begin>
                           <gml:end>
                              <gml:TimeInstant gml:id="N10326">
                                 <gml:timePosition>2008-12-31T23:59:00</gml:timePosition>
                              </gml:TimeInstant>
                           </gml:end>
                        </gml:TimePeriod>
                     </gex:extent>
                  </gex:EX_TemporalExtent>
               </gex:temporalElement>
            </gex:EX_Extent>
         </mri:extent>
         <mri:graphicOverview>
            <mcc:MD_BrowseGraphic>
               <mcc:fileName>
                  <gco:CharacterString>http://catalogue-imos.dev.aodn.org.au/geonetwork/srv/api/records/2cb90b2f-5d21-4992-a786-a9e8429dc026/attachments/WAMSI_3.1.1c_inventory_s.png</gco:CharacterString>
               </mcc:fileName>
               <mcc:fileDescription>
                  <gco:CharacterString>thumbnail</gco:CharacterString>
               </mcc:fileDescription>
               <mcc:fileType>
                  <gco:CharacterString>png</gco:CharacterString>
               </mcc:fileType>
            </mcc:MD_BrowseGraphic>
         </mri:graphicOverview>
         <mri:graphicOverview>
            <mcc:MD_BrowseGraphic>
               <mcc:fileName>
                  <gco:CharacterString>http://catalogue-imos.dev.aodn.org.au/geonetwork/srv/api/records/2cb90b2f-5d21-4992-a786-a9e8429dc026/attachments/WAMSI_3.1.1c_inventory.png</gco:CharacterString>
               </mcc:fileName>
               <mcc:fileDescription>
                  <gco:CharacterString>large_thumbnail</gco:CharacterString>
               </mcc:fileDescription>
               <mcc:fileType>
                  <gco:CharacterString>png</gco:CharacterString>
               </mcc:fileType>
            </mcc:MD_BrowseGraphic>
         </mri:graphicOverview>
         <mri:descriptiveKeywords>
            <mri:MD_Keywords>
               <mri:keyword>
                  <gco:CharacterString>Biosphere | Ecological Dynamics | Community Structure</gco:CharacterString>
               </mri:keyword>
               <mri:keyword>
                  <gco:CharacterString>Biosphere | Aquatic Habitat | Benthic Habitat</gco:CharacterString>
               </mri:keyword>
               <mri:keyword>
                  <gco:CharacterString>Oceans | Marine Biology | Marine Invertebrates</gco:CharacterString>
               </mri:keyword>
               <mri:keyword>
                  <gco:CharacterString>Biosphere | Ecological Dynamics | Biomass</gco:CharacterString>
               </mri:keyword>
               <mri:keyword>
                  <gco:CharacterString>Biosphere | Zoology | Mollusks</gco:CharacterString>
               </mri:keyword>
               <mri:keyword>
                  <gco:CharacterString>Biosphere | Zoology | Sponges</gco:CharacterString>
               </mri:keyword>
               <mri:keyword>
                  <gco:CharacterString>Biosphere | Zoology | Echinoderms</gco:CharacterString>
               </mri:keyword>
               <mri:keyword>
                  <gco:CharacterString>Biosphere | Zoology | Crustaceans</gco:CharacterString>
               </mri:keyword>
               <mri:type>
                  <mri:MD_KeywordTypeCode codeList="http://standards.iso.org/iso/19115/resources/Codelists/cat/codelists.xml#MD_KeywordTypeCode"
                                          codeListValue="theme"/>
               </mri:type>
               <mri:thesaurusName>
                  <cit:CI_Citation>
                     <cit:title>
                        <gco:CharacterString>NASA/Global Change Master Directory (GCMD) Earth Science Keywords. Version 5.3.8</gco:CharacterString>
                     </cit:title>
                     <cit:date>
                        <cit:CI_Date>
                           <cit:date>
                              <gco:DateTime>2006-01-01T00:00:00</gco:DateTime>
                           </cit:date>
                           <cit:dateType>
                              <cit:CI_DateTypeCode codeList="http://standards.iso.org/iso/19115/resources/Codelists/cat/codelists.xml#CI_DateTypeCode"
                                                   codeListValue="revision"/>
                           </cit:dateType>
                        </cit:CI_Date>
                     </cit:date>
                  </cit:CI_Citation>
               </mri:thesaurusName>
            </mri:MD_Keywords>
         </mri:descriptiveKeywords>
         <mri:resourceConstraints>
            <mco:MD_LegalConstraints>
               <mco:graphic>
                  <mcc:MD_BrowseGraphic>
                     <mcc:fileName gco:nilReason="inapplicable"/>
                     <mcc:linkage>
                        <cit:CI_OnlineResource>
                           <cit:linkage>
                              <gco:CharacterString>http://i.creativecommons.org/l/by-nc-sa/2.5/au/88x31.png</gco:CharacterString>
                           </cit:linkage>
                           <cit:protocol>
                              <gco:CharacterString>WWW:LINK-1.0-http--related</gco:CharacterString>
                           </cit:protocol>
                           <cit:description>
                              <gco:CharacterString>License Graphic</gco:CharacterString>
                           </cit:description>
                        </cit:CI_OnlineResource>
                     </mcc:linkage>
                  </mcc:MD_BrowseGraphic>
               </mco:graphic>
               <mco:reference>
                  <cit:CI_Citation>
                     <cit:title>
                        <gco:CharacterString>Creative Commons Attribution-Noncommercial-Share Alike 2.5 Australia License</gco:CharacterString>
                     </cit:title>
                     <cit:citedResponsibleParty>
                        <cit:CI_Responsibility>
                           <cit:role>
                              <cit:CI_RoleCode codeList="http://standards.iso.org/iso/19115/resources/Codelists/cat/codelists.xml#CI_RoleCode"
                                               codeListValue=""/>
                           </cit:role>
                           <cit:party>
                              <cit:CI_Organisation>
                                 <cit:name gco:nilReason="missing">
                                    <gco:CharacterString/>
                                 </cit:name>
                                 <cit:contactInfo>
                                    <cit:CI_Contact>
                                       <cit:address>
                                          <cit:CI_Address>
                                             <cit:electronicMailAddress gco:nilReason="missing">
                                                <gco:CharacterString/>
                                             </cit:electronicMailAddress>
                                          </cit:CI_Address>
                                       </cit:address>
                                       <cit:onlineResource>
                                          <cit:CI_OnlineResource>
                                             <cit:linkage>
                                                <gco:CharacterString>http://creativecommons.org/international/au/</gco:CharacterString>
                                             </cit:linkage>
                                             <cit:protocol>
                                                <gco:CharacterString>WWW:LINK-1.0-http--related</gco:CharacterString>
                                             </cit:protocol>
                                             <cit:name gco:nilReason="missing">
                                                <gco:CharacterString/>
                                             </cit:name>
                                             <cit:description gco:nilReason="missing">
                                                <gco:CharacterString/>
                                             </cit:description>
                                          </cit:CI_OnlineResource>
                                       </cit:onlineResource>
                                    </cit:CI_Contact>
                                 </cit:contactInfo>
                              </cit:CI_Organisation>
                           </cit:party>
                        </cit:CI_Responsibility>
                     </cit:citedResponsibleParty>
                     <cit:onlineResource>
                        <cit:CI_OnlineResource>
                           <cit:linkage>
                              <gco:CharacterString>http://creativecommons.org/licenses/by-nc-sa/2.5/au/</gco:CharacterString>
                           </cit:linkage>
                           <cit:protocol>
                              <gco:CharacterString>WWW:LINK-1.0-http--related</gco:CharacterString>
                           </cit:protocol>
                           <cit:description>
                              <gco:CharacterString>License Text</gco:CharacterString>
                           </cit:description>
                        </cit:CI_OnlineResource>
                     </cit:onlineResource>
                  </cit:CI_Citation>
               </mco:reference>
            </mco:MD_LegalConstraints>
         </mri:resourceConstraints>
         <mri:defaultLocale>
            <lan:PT_Locale>
               <lan:language>
                  <lan:LanguageCode codeList="http://www.loc.gov/standards/iso639-2/" codeListValue="eng"/>
               </lan:language>
               <lan:characterEncoding>
                  <lan:MD_CharacterSetCode codeList="http://standards.iso.org/iso/19115/resources/Codelists/cat/codelists.xml#MD_CharacterSetCode"
                                           codeListValue="utf8"/>
               </lan:characterEncoding>
            </lan:PT_Locale>
         </mri:defaultLocale>
         <mri:supplementalInformation>
            <gco:CharacterString>References:
- Fromont, J., Althaus, F., McEnnulty, F.R., Williams, A., Salotti, M., Gomez, O., Gowlett- Holmes. K. 2011. Living on the edge: the sponge fauna of the continental margin and slope of Western Australia. Hydrobiologia Proc. 8th World Sponge Conference Girona 2010.

- Fromont, J., Vanderklift, M.A. Kendrick, G.A. 2006. Marine sponges of the Dampier Archipelago, Western Australia: patterns of species distributions, abundance and diversity. Biodiversity and Conservation 15: 3731-3750.

- Fromont, J., Radford, B., Sampey, A.Marsh, L., Slack-Smith, S. Hosie, A., Ridgway, T., Heyward, A. 2011. Deepwater biodiversity off Ningaloo Reef. AMSA Conference Proceedings, Fremantle, WA, July 2011. 

- Getis, A., &amp; Ord, J.K. 1992. The analysis of spatial association by use of distance statistics. Geographical analysis 24 (3 ):189-206. 

- Heyward, A., Fromont, J., Schönberg., C, Colquhoun, J., Radford, B., Gomez, O. 2010. The sponge gardens of Ningaloo Reef, Western Australia. Open Marine Biology Journal, 2010.
 
- Schönberg CHL, Fromont J 2011. Sponge gardens of Ningaloo Reef (Carnarvon Shelf, Western Australia) are biodiversity hotspots. Hydrobiologia, Proc. 8th World Sponge Conference Girona 2010.</gco:CharacterString>
         </mri:supplementalInformation>
      </mri:MD_DataIdentification>
   </mdb:identificationInfo>
   <mdb:distributionInfo>
      <mrd:MD_Distribution>
         <mrd:distributionFormat>
            <mrd:MD_Format>
               <mrd:formatSpecificationCitation>
                  <cit:CI_Citation>
                     <cit:title gco:nilReason="missing">
                        <gco:CharacterString/>
                     </cit:title>
                     <cit:alternateTitle/>
                     <cit:date gco:nilReason="unknown"/>
                     <cit:edition gco:nilReason="missing">
                        <gco:CharacterString/>
                     </cit:edition>
                  </cit:CI_Citation>
               </mrd:formatSpecificationCitation>
            </mrd:MD_Format>
         </mrd:distributionFormat>
         <mrd:transferOptions>
            <mrd:MD_DigitalTransferOptions>
               <mrd:onLine>
                  <cit:CI_OnlineResource>
                     <cit:linkage>
                        <gco:CharacterString>https://catalogue.aodn.org.au:443/geonetwork/srv/en/file.disclaimer?uuid=2cb90b2f-5d21-4992-a786-a9e8429dc026&amp;fname=Node_3.1.1d_Inventory_Fromont.pdf&amp;access=private</gco:CharacterString>
                     </cit:linkage>
                     <cit:protocol>
                        <gco:CharacterString>WWW:DOWNLOAD-1.0-http--downloaddata</gco:CharacterString>
                     </cit:protocol>
                     <cit:name>
                        <gcx:MimeFileType type="application/pdf">Node_3.1.1d_Inventory_Fromont.pdf</gcx:MimeFileType>
                     </cit:name>
                     <cit:description>
                        <gco:CharacterString/>
                     </cit:description>
                  </cit:CI_OnlineResource>
               </mrd:onLine>
            </mrd:MD_DigitalTransferOptions>
         </mrd:transferOptions>
      </mrd:MD_Distribution>
   </mdb:distributionInfo>
   <mdb:resourceLineage>
      <mrl:LI_Lineage>
         <mrl:statement>
            <gco:CharacterString>Sampling stations were determined by AIMS with reference to acoustic generated maps and video footage that indicated different habitat types in the study area. Standardised field collecting methods and preservation protocols allowed for the biodiversity data to be directly comparable between stations and collecting years in 2007 and 2008 (methods were still being developed in 2006 and were not consistent with the latter years). Sampling was quantitative with sled tows standardised as much as possible to sample 50 metre lengths of the substrate with latitude, longitude and depth recorded at the start and end of each tow. Soft sediment habitats were not sampled and outcropping reef, which occurred in some areas, was difficult to sample, as the sled could bounce on this substrate. Stations were selected latitudinally along the reef between the Muiron Islands and Red Bluff (see thumbnail). 

A total of 145 stations were sampled between 18 to 144 metres depth by sled (49 in 2006, 12 in 2007 and 84 in 2008). Although all species of all phyla were collected, only the dominant sponges, based on wet weights determined in the field (≥1 kg), were identified.
Species richness was determined using presence/absence data, and a hotspot analysis (Getis &amp; Ord, 1992) determined areas of high diversity for the taxa surveyed. Redundancy analyses provided clues to the major drivers of the taxon distributions.</gco:CharacterString>
         </mrl:statement>
         <mrl:scope>
            <mcc:MD_Scope>
               <mcc:level>
                  <mcc:MD_ScopeCode codeList="http://standards.iso.org/iso/19115/resources/Codelists/cat/codelists.xml#MD_ScopeCode"
                                    codeListValue="dataset"/>
               </mcc:level>
            </mcc:MD_Scope>
         </mrl:scope>
      </mrl:LI_Lineage>
   </mdb:resourceLineage>
</mdb:MD_Metadata>
