<?xml version="1.0" encoding="UTF-8"?>
<mdb:MD_Metadata xmlns:xsi="http://www.w3.org/2001/XMLSchema-instance"
                 xmlns:cat="http://standards.iso.org/iso/19115/-3/cat/1.0"
                 xmlns:cit="http://standards.iso.org/iso/19115/-3/cit/2.0"
                 xmlns:gcx="http://standards.iso.org/iso/19115/-3/gcx/1.0"
                 xmlns:gex="http://standards.iso.org/iso/19115/-3/gex/1.0"
                 xmlns:lan="http://standards.iso.org/iso/19115/-3/lan/1.0"
                 xmlns:srv="http://standards.iso.org/iso/19115/-3/srv/2.0"
                 xmlns:mas="http://standards.iso.org/iso/19115/-3/mas/1.0"
                 xmlns:mcc="http://standards.iso.org/iso/19115/-3/mcc/1.0"
                 xmlns:mco="http://standards.iso.org/iso/19115/-3/mco/1.0"
                 xmlns:mda="http://standards.iso.org/iso/19115/-3/mda/1.0"
                 xmlns:mdb="http://standards.iso.org/iso/19115/-3/mdb/2.0"
                 xmlns:mds="http://standards.iso.org/iso/19115/-3/mds/1.0"
                 xmlns:mdt="http://standards.iso.org/iso/19115/-3/mdt/1.0"
                 xmlns:mex="http://standards.iso.org/iso/19115/-3/mex/1.0"
                 xmlns:mmi="http://standards.iso.org/iso/19115/-3/mmi/1.0"
                 xmlns:mpc="http://standards.iso.org/iso/19115/-3/mpc/1.0"
                 xmlns:mrc="http://standards.iso.org/iso/19115/-3/mrc/2.0"
                 xmlns:mrd="http://standards.iso.org/iso/19115/-3/mrd/1.0"
                 xmlns:mri="http://standards.iso.org/iso/19115/-3/mri/1.0"
                 xmlns:mrl="http://standards.iso.org/iso/19115/-3/mrl/2.0"
                 xmlns:mrs="http://standards.iso.org/iso/19115/-3/mrs/1.0"
                 xmlns:msr="http://standards.iso.org/iso/19115/-3/msr/2.0"
                 xmlns:mdq="http://standards.iso.org/iso/19157/-2/mdq/1.0"
                 xmlns:mac="http://standards.iso.org/iso/19115/-3/mac/2.0"
                 xmlns:gco="http://standards.iso.org/iso/19115/-3/gco/1.0"
                 xmlns:gml="http://www.opengis.net/gml/3.2"
                 xmlns:xlink="http://www.w3.org/1999/xlink"
                 xsi:schemaLocation="http://standards.iso.org/iso/19115/-3/cat/1.0 http://standards.iso.org/iso/19115/-3/cat/1.0/cat.xsd http://standards.iso.org/iso/19115/-3/cit/2.0 http://standards.iso.org/iso/19115/-3/cit/2.0/cit.xsd http://standards.iso.org/iso/19115/-3/gcx/1.0 http://standards.iso.org/iso/19115/-3/gcx/1.0/gcx.xsd http://standards.iso.org/iso/19115/-3/gex/1.0 http://standards.iso.org/iso/19115/-3/gex/1.0/gex.xsd http://standards.iso.org/iso/19115/-3/lan/1.0 http://standards.iso.org/iso/19115/-3/lan/1.0/lan.xsd http://standards.iso.org/iso/19115/-3/srv/2.0 http://standards.iso.org/iso/19115/-3/srv/2.0/srv.xsd http://standards.iso.org/iso/19115/-3/mas/1.0 http://standards.iso.org/iso/19115/-3/mas/1.0/mas.xsd http://standards.iso.org/iso/19115/-3/mcc/1.0 http://standards.iso.org/iso/19115/-3/mcc/1.0/mcc.xsd http://standards.iso.org/iso/19115/-3/mco/1.0 http://standards.iso.org/iso/19115/-3/mco/1.0/mco.xsd http://standards.iso.org/iso/19115/-3/mda/2.0 http://standards.iso.org/iso/19115/-3/mda/2.0/mda.xsd http://standards.iso.org/iso/19115/-3/mdb/2.0 http://standards.iso.org/iso/19115/-3/mdb/2.0/mdb.xsd http://standards.iso.org/iso/19115/-3/mds/2.0 http://standards.iso.org/iso/19115/-3/mds/2.0/mds.xsd http://standards.iso.org/iso/19115/-3/mdt/2.0 http://standards.iso.org/iso/19115/-3/mdt/2.0/mdt.xsd http://standards.iso.org/iso/19115/-3/mex/1.0 http://standards.iso.org/iso/19115/-3/mex/1.0/mex.xsd http://standards.iso.org/iso/19115/-3/mmi/1.0 http://standards.iso.org/iso/19115/-3/mmi/1.0/mmi.xsd http://standards.iso.org/iso/19115/-3/mpc/1.0 http://standards.iso.org/iso/19115/-3/mpc/1.0/mpc.xsd http://standards.iso.org/iso/19115/-3/mrc/2.0 http://standards.iso.org/iso/19115/-3/mrc/2.0/mrc.xsd http://standards.iso.org/iso/19115/-3/mrd/1.0 http://standards.iso.org/iso/19115/-3/mrd/1.0/mrd.xsd http://standards.iso.org/iso/19115/-3/mri/1.0 http://standards.iso.org/iso/19115/-3/mri/1.0/mri.xsd http://standards.iso.org/iso/19115/-3/mrl/2.0 http://standards.iso.org/iso/19115/-3/mrl/2.0/mrl.xsd http://standards.iso.org/iso/19115/-3/mrs/1.0 http://standards.iso.org/iso/19115/-3/mrs/1.0/mrs.xsd http://standards.iso.org/iso/19115/-3/msr/2.0 http://standards.iso.org/iso/19115/-3/msr/2.0/msr.xsd http://standards.iso.org/iso/19157/-2/mdq/1.0 http://standards.iso.org/iso/19157/-2/mdq/1.0/mdq.xsd http://standards.iso.org/iso/19115/-3/mac/2.0 http://standards.iso.org/iso/19115/-3/mac/2.0/mac.xsd http://standards.iso.org/iso/19115/-3/gco/1.0 http://standards.iso.org/iso/19115/-3/gco/1.0/gco.xsd http://standards.iso.org/iso/19115/-3/gmw/1.0 http://standards.iso.org/iso/19115/-3/gmw/1.0/gmw.xsd http://www.opengis.net/gml/3.2 http://schemas.opengis.net/gml/3.2.1/gml.xsd http://www.w3.org/1999/xlink http://www.w3.org/1999/xlink.xsd">
   <mdb:metadataIdentifier>
      <mcc:MD_Identifier>
         <mcc:code>
            <gco:CharacterString>d3feff71-ebe1-4b66-91c6-149beceef205</gco:CharacterString>
         </mcc:code>
      </mcc:MD_Identifier>
   </mdb:metadataIdentifier>
   <mdb:contact gco:nilReason="missing"/>
   <mdb:dateInfo gco:nilReason="missing"/>
   <mdb:metadataStandard>
      <cit:CI_Citation>
         <cit:title>
            <gco:CharacterString>ISO 19115-3:2018</gco:CharacterString>
         </cit:title>
      </cit:CI_Citation>
   </mdb:metadataStandard>
   <mdb:identificationInfo>
      <mri:MD_DataIdentification>
         <mri:citation gco:nilReason="missing"/>
         <mri:abstract gco:nilReason="missing"/>
         <mri:defaultLocale>
            <lan:PT_Locale>
               <lan:language>
                  <lan:LanguageCode codeList="codeListLocation#LanguageCode" codeListValue="eng">eng</lan:LanguageCode>
               </lan:language>
               <lan:characterEncoding gco:nilReason="unknown"/>
            </lan:PT_Locale>
         </mri:defaultLocale>
      </mri:MD_DataIdentification>
   </mdb:identificationInfo>
   <mdb:contentInfo>
      <mrc:MD_CoverageDescription>
         <mrc:attributeDescription gco:nilReason="inapplicable"/>
         <mrc:attributeGroup>
            <mrc:MD_AttributeGroup>
               <mrc:contentType>
                  <mrc:MD_CoverageContentTypeCode codeList="http://standards.iso.org/iso/19115/resources/Codelist/cat/codelists.xml#MD_CoverageContentTypeCode"
                                                  codeListValue="physicalMeasurement"/>
               </mrc:contentType>
               <mrc:attribute>
                  <mrc:MD_SampleDimension>
                     <mrc:name>
                        <mcc:MD_Identifier>
                           <mcc:authority/>
                           <mcc:code>
                              <gco:CharacterString>sea_water_temperature</gco:CharacterString>
                           </mcc:code>
                           <mcc:codeSpace>
                              <gco:CharacterString>http://cf-pcmdi.llnl.gov/documents/cf-standard-names</gco:CharacterString>
                           </mcc:codeSpace>
                           <mcc:version gco:nilReason="missing">
                              <gco:CharacterString/>
                           </mcc:version>
                           <mcc:description>
                              <gco:CharacterString/>
                           </mcc:description>
                        </mcc:MD_Identifier>
                     </mrc:name>
                     <mrc:maxValue>
                        <gco:Real>0</gco:Real>
                     </mrc:maxValue>
                     <mrc:minValue>
                        <gco:Real>-1000</gco:Real>
                     </mrc:minValue>
                     <mrc:units>
                        <gml:BaseUnit gml:id="d18e18">
                           <gml:descriptionReference/>
                           <gml:identifier codeSpace="unknown"/>
                           <gml:name>Metres</gml:name>
                           <gml:quantityType/>
                           <gml:unitsSystem/>
                        </gml:BaseUnit>
                     </mrc:units>
                  </mrc:MD_SampleDimension>
               </mrc:attribute>
               <mrc:attribute>
                  <mrc:MD_SampleDimension>
                     <mrc:name>
                        <mcc:MD_Identifier>
                           <mcc:authority/>
                           <mcc:code>
                              <gco:CharacterString/>
                           </mcc:code>
                           <mcc:version gco:nilReason="missing">
                              <gco:CharacterString/>
                           </mcc:version>
                           <mcc:description>
                              <gco:CharacterString/>
                           </mcc:description>
                        </mcc:MD_Identifier>
                     </mrc:name>
                     <mrc:units>
                        <gml:BaseUnit gml:id="d18e55">
                           <gml:descriptionReference/>
                           <gml:identifier codeSpace="unknown"/>
                           <gml:name/>
                           <gml:quantityType/>
                           <gml:unitsSystem/>
                        </gml:BaseUnit>
                     </mrc:units>
                  </mrc:MD_SampleDimension>
               </mrc:attribute>
            </mrc:MD_AttributeGroup>
         </mrc:attributeGroup>
      </mrc:MD_CoverageDescription>
   </mdb:contentInfo>
</mdb:MD_Metadata>
