<?xml version="1.0" encoding="UTF-8"?>
<mdb:MD_Metadata xmlns:xsi="http://www.w3.org/2001/XMLSchema-instance"
                 xmlns:cat="http://standards.iso.org/iso/19115/-3/cat/1.0"
                 xmlns:cit="http://standards.iso.org/iso/19115/-3/cit/2.0"
                 xmlns:gcx="http://standards.iso.org/iso/19115/-3/gcx/1.0"
                 xmlns:gex="http://standards.iso.org/iso/19115/-3/gex/1.0"
                 xmlns:lan="http://standards.iso.org/iso/19115/-3/lan/1.0"
                 xmlns:srv="http://standards.iso.org/iso/19115/-3/srv/2.0"
                 xmlns:mas="http://standards.iso.org/iso/19115/-3/mas/1.0"
                 xmlns:mcc="http://standards.iso.org/iso/19115/-3/mcc/1.0"
                 xmlns:mco="http://standards.iso.org/iso/19115/-3/mco/1.0"
                 xmlns:mda="http://standards.iso.org/iso/19115/-3/mda/1.0"
                 xmlns:mdb="http://standards.iso.org/iso/19115/-3/mdb/2.0"
                 xmlns:mds="http://standards.iso.org/iso/19115/-3/mds/1.0"
                 xmlns:mdt="http://standards.iso.org/iso/19115/-3/mdt/1.0"
                 xmlns:mex="http://standards.iso.org/iso/19115/-3/mex/1.0"
                 xmlns:mmi="http://standards.iso.org/iso/19115/-3/mmi/1.0"
                 xmlns:mpc="http://standards.iso.org/iso/19115/-3/mpc/1.0"
                 xmlns:mrc="http://standards.iso.org/iso/19115/-3/mrc/2.0"
                 xmlns:mrd="http://standards.iso.org/iso/19115/-3/mrd/1.0"
                 xmlns:mri="http://standards.iso.org/iso/19115/-3/mri/1.0"
                 xmlns:mrl="http://standards.iso.org/iso/19115/-3/mrl/2.0"
                 xmlns:mrs="http://standards.iso.org/iso/19115/-3/mrs/1.0"
                 xmlns:msr="http://standards.iso.org/iso/19115/-3/msr/2.0"
                 xmlns:mdq="http://standards.iso.org/iso/19157/-2/mdq/1.0"
                 xmlns:mac="http://standards.iso.org/iso/19115/-3/mac/2.0"
                 xmlns:gco="http://standards.iso.org/iso/19115/-3/gco/1.0"
                 xmlns:gml="http://www.opengis.net/gml/3.2"
                 xmlns:xlink="http://www.w3.org/1999/xlink"
                 xsi:schemaLocation="http://standards.iso.org/iso/19115/-3/cat/1.0 http://standards.iso.org/iso/19115/-3/cat/1.0/cat.xsd http://standards.iso.org/iso/19115/-3/cit/2.0 http://standards.iso.org/iso/19115/-3/cit/2.0/cit.xsd http://standards.iso.org/iso/19115/-3/gcx/1.0 http://standards.iso.org/iso/19115/-3/gcx/1.0/gcx.xsd http://standards.iso.org/iso/19115/-3/gex/1.0 http://standards.iso.org/iso/19115/-3/gex/1.0/gex.xsd http://standards.iso.org/iso/19115/-3/lan/1.0 http://standards.iso.org/iso/19115/-3/lan/1.0/lan.xsd http://standards.iso.org/iso/19115/-3/srv/2.0 http://standards.iso.org/iso/19115/-3/srv/2.0/srv.xsd http://standards.iso.org/iso/19115/-3/mas/1.0 http://standards.iso.org/iso/19115/-3/mas/1.0/mas.xsd http://standards.iso.org/iso/19115/-3/mcc/1.0 http://standards.iso.org/iso/19115/-3/mcc/1.0/mcc.xsd http://standards.iso.org/iso/19115/-3/mco/1.0 http://standards.iso.org/iso/19115/-3/mco/1.0/mco.xsd http://standards.iso.org/iso/19115/-3/mda/2.0 http://standards.iso.org/iso/19115/-3/mda/2.0/mda.xsd http://standards.iso.org/iso/19115/-3/mdb/2.0 http://standards.iso.org/iso/19115/-3/mdb/2.0/mdb.xsd http://standards.iso.org/iso/19115/-3/mds/2.0 http://standards.iso.org/iso/19115/-3/mds/2.0/mds.xsd http://standards.iso.org/iso/19115/-3/mdt/2.0 http://standards.iso.org/iso/19115/-3/mdt/2.0/mdt.xsd http://standards.iso.org/iso/19115/-3/mex/1.0 http://standards.iso.org/iso/19115/-3/mex/1.0/mex.xsd http://standards.iso.org/iso/19115/-3/mmi/1.0 http://standards.iso.org/iso/19115/-3/mmi/1.0/mmi.xsd http://standards.iso.org/iso/19115/-3/mpc/1.0 http://standards.iso.org/iso/19115/-3/mpc/1.0/mpc.xsd http://standards.iso.org/iso/19115/-3/mrc/2.0 http://standards.iso.org/iso/19115/-3/mrc/2.0/mrc.xsd http://standards.iso.org/iso/19115/-3/mrd/1.0 http://standards.iso.org/iso/19115/-3/mrd/1.0/mrd.xsd http://standards.iso.org/iso/19115/-3/mri/1.0 http://standards.iso.org/iso/19115/-3/mri/1.0/mri.xsd http://standards.iso.org/iso/19115/-3/mrl/2.0 http://standards.iso.org/iso/19115/-3/mrl/2.0/mrl.xsd http://standards.iso.org/iso/19115/-3/mrs/1.0 http://standards.iso.org/iso/19115/-3/mrs/1.0/mrs.xsd http://standards.iso.org/iso/19115/-3/msr/2.0 http://standards.iso.org/iso/19115/-3/msr/2.0/msr.xsd http://standards.iso.org/iso/19157/-2/mdq/1.0 http://standards.iso.org/iso/19157/-2/mdq/1.0/mdq.xsd http://standards.iso.org/iso/19115/-3/mac/2.0 http://standards.iso.org/iso/19115/-3/mac/2.0/mac.xsd http://standards.iso.org/iso/19115/-3/gco/1.0 http://standards.iso.org/iso/19115/-3/gco/1.0/gco.xsd http://standards.iso.org/iso/19115/-3/gmw/1.0 http://standards.iso.org/iso/19115/-3/gmw/1.0/gmw.xsd http://www.opengis.net/gml/3.2 http://schemas.opengis.net/gml/3.2.1/gml.xsd http://www.w3.org/1999/xlink http://www.w3.org/1999/xlink.xsd">
   <mdb:metadataIdentifier>
      <mcc:MD_Identifier>
         <mcc:code>
            <gco:CharacterString>8af21108-c535-43bf-8dab-c1f45a26088c</gco:CharacterString>
         </mcc:code>
      </mcc:MD_Identifier>
   </mdb:metadataIdentifier>
   <mdb:contact gco:nilReason="missing"/>
   <mdb:dateInfo gco:nilReason="missing"/>
   <mdb:metadataStandard>
      <cit:CI_Citation>
         <cit:title>
            <gco:CharacterString>ISO 19115-3:2018</gco:CharacterString>
         </cit:title>
      </cit:CI_Citation>
   </mdb:metadataStandard>
   <mdb:identificationInfo>
      <mri:MD_DataIdentification>
         <mri:citation gco:nilReason="missing"/>
         <mri:abstract gco:nilReason="missing"/>
         <mri:descriptiveKeywords>
            <mri:MD_Keywords>
               <mri:keyword>
                  <gcx:Anchor xlink:href="http://vocab.nerc.ac.uk/collection/P01/current/TEMPPR01">Temperature of the water body</gcx:Anchor>
               </mri:keyword>
               <mri:keyword>
                  <gcx:Anchor xlink:href="http://vocab.nerc.ac.uk/collection/P01/current/PSLTZZ01">Practical salinity of the water body</gcx:Anchor>
               </mri:keyword>
               <mri:type>
                  <mri:MD_KeywordTypeCode codeList="http://standards.iso.org/iso/19115/resources/Codelists/cat/codelists.xml#MD_KeywordTypeCode"
                                          codeListValue="theme"/>
               </mri:type>
               <mri:thesaurusName>
                  <cit:CI_Citation>
                     <cit:title>
                        <gcx:Anchor>AODN Discovery Parameter Vocabulary</gcx:Anchor>
                     </cit:title>
                     <cit:date>
                        <cit:CI_Date>
                           <cit:date>
                              <gco:Date>2020-03-03</gco:Date>
                           </cit:date>
                           <cit:dateType>
                              <cit:CI_DateTypeCode codeList="http://standards.iso.org/iso/19115/resources/Codelists/cat/codelists.xml#CI_DateTypeCode"
                                                   codeListValue="publication"/>
                           </cit:dateType>
                        </cit:CI_Date>
                     </cit:date>
                     <cit:identifier>
                        <mcc:MD_Identifier>
                           <mcc:code>
                              <gcx:Anchor xlink:href="http://catalogue-imos.dev.aodn.org.au/geonetwork/srv/eng/thesaurus.download?ref=external.theme.aodn_aodn-discovery-parameter-vocabulary">
                    geonetwork.thesaurus.external.theme.aodn_aodn-discovery-parameter-vocabulary</gcx:Anchor>
                           </mcc:code>
                        </mcc:MD_Identifier>
                     </cit:identifier>
                  </cit:CI_Citation>
               </mri:thesaurusName>
            </mri:MD_Keywords>
         </mri:descriptiveKeywords>
         <mri:descriptiveKeywords>
            <mri:MD_Keywords>
               <mri:keyword>
                  <gcx:Anchor xlink:href="http://vocab.nerc.ac.uk/collection/L05/current/134">water temperature sensor</gcx:Anchor>
               </mri:keyword>
               <mri:keyword>
                  <gcx:Anchor xlink:href="http://vocab.nerc.ac.uk/collection/L05/current/133">thermosalinographs</gcx:Anchor>
               </mri:keyword>
               <mri:type>
                  <mri:MD_KeywordTypeCode codeList="http://standards.iso.org/iso/19115/resources/Codelists/cat/codelists.xml#MD_KeywordTypeCode"
                                          codeListValue="instrument"/>
               </mri:type>
               <mri:thesaurusName>
                  <cit:CI_Citation>
                     <cit:title>
                        <gcx:Anchor>AODN Instrument Vocabulary</gcx:Anchor>
                     </cit:title>
                     <cit:date>
                        <cit:CI_Date>
                           <cit:date>
                              <gco:Date>2020-03-03</gco:Date>
                           </cit:date>
                           <cit:dateType>
                              <cit:CI_DateTypeCode codeList="http://standards.iso.org/iso/19115/resources/Codelists/cat/codelists.xml#CI_DateTypeCode"
                                                   codeListValue="publication"/>
                           </cit:dateType>
                        </cit:CI_Date>
                     </cit:date>
                     <cit:identifier>
                        <mcc:MD_Identifier>
                           <mcc:code>
                              <gcx:Anchor xlink:href="http://catalogue-imos.dev.aodn.org.au/geonetwork/srv/eng/thesaurus.download?ref=external.theme.aodn_aodn-instrument-vocabulary">
                    geonetwork.thesaurus.external.theme.aodn_aodn-instrument-vocabulary</gcx:Anchor>
                           </mcc:code>
                        </mcc:MD_Identifier>
                     </cit:identifier>
                  </cit:CI_Citation>
               </mri:thesaurusName>
            </mri:MD_Keywords>
         </mri:descriptiveKeywords>
         <mri:descriptiveKeywords>
            <mri:MD_Keywords>
               <mri:keyword>
                  <gcx:Anchor xlink:href="http://vocab.nerc.ac.uk/collection/L06/current/31">research vessel</gcx:Anchor>
               </mri:keyword>
               <mri:type>
                  <mri:MD_KeywordTypeCode codeList="http://standards.iso.org/iso/19115/resources/Codelists/cat/codelists.xml#MD_KeywordTypeCode"
                                          codeListValue="platform"/>
               </mri:type>
               <mri:thesaurusName>
                  <cit:CI_Citation>
                     <cit:title>
                        <gcx:Anchor>AODN Platform Vocabulary</gcx:Anchor>
                     </cit:title>
                     <cit:date>
                        <cit:CI_Date>
                           <cit:date>
                              <gco:Date>2020-03-03</gco:Date>
                           </cit:date>
                           <cit:dateType>
                              <cit:CI_DateTypeCode codeList="http://standards.iso.org/iso/19115/resources/Codelists/cat/codelists.xml#CI_DateTypeCode"
                                                   codeListValue="publication"/>
                           </cit:dateType>
                        </cit:CI_Date>
                     </cit:date>
                     <cit:identifier>
                        <mcc:MD_Identifier>
                           <mcc:code>
                              <gcx:Anchor xlink:href="http://catalogue-imos.dev.aodn.org.au/geonetwork/srv/eng/thesaurus.download?ref=external.theme.aodn_aodn-platform-vocabulary">
                    geonetwork.thesaurus.external.theme.aodn_aodn-platform-vocabulary</gcx:Anchor>
                           </mcc:code>
                        </mcc:MD_Identifier>
                     </cit:identifier>
                  </cit:CI_Citation>
               </mri:thesaurusName>
            </mri:MD_Keywords>
         </mri:descriptiveKeywords>
         <mri:defaultLocale>
            <lan:PT_Locale>
               <lan:language>
                  <lan:LanguageCode codeList="http://www.loc.gov/standards/iso639-2/" codeListValue="eng"/>
               </lan:language>
               <lan:characterEncoding gco:nilReason="unknown"/>
            </lan:PT_Locale>
         </mri:defaultLocale>
      </mri:MD_DataIdentification>
   </mdb:identificationInfo>
   <mdb:contentInfo>
      <mrc:MD_CoverageDescription>
         <mrc:attributeDescription gco:nilReason="inapplicable"/>
         <mrc:attributeGroup>
            <mrc:MD_AttributeGroup>
               <mrc:contentType>
                  <mrc:MD_CoverageContentTypeCode codeList="http://standards.iso.org/iso/19115/resources/Codelists/cat/codelists.xml#MD_CoverageContentTypeCode"
                                                  codeListValue="physicalMeasurement"/>
               </mrc:contentType>
               <mrc:attribute>
                  <mrc:MD_SampleDimension>
                     <mrc:name>
                        <mcc:MD_Identifier>
                           <mcc:code>
                              <gcx:Anchor xlink:href="http://vocab.nerc.ac.uk/collection/P01/current/TEMPPR01">Temperature of the water body</gcx:Anchor>
                           </mcc:code>
                           <mcc:description>
                              <gco:CharacterString>Parameter Description</gco:CharacterString>
                           </mcc:description>
                        </mcc:MD_Identifier>
                     </mrc:name>
                     <mrc:maxValue>
                        <gco:Real>0</gco:Real>
                     </mrc:maxValue>
                     <mrc:minValue>
                        <gco:Real>-1000</gco:Real>
                     </mrc:minValue>
                     <mrc:units>
                        <gml:BaseUnit gml:id="d19e19">
                           <gml:identifier codeSpace="unknown">http://vocab.nerc.ac.uk/collection/P06/current/UPAA</gml:identifier>
                           <gml:name>Degrees Celsius</gml:name>
                           <gml:quantityType/>
                           <gml:unitsSystem/>
                        </gml:BaseUnit>
                     </mrc:units>
                  </mrc:MD_SampleDimension>
               </mrc:attribute>
               <mrc:attribute>
                  <mrc:MD_SampleDimension>
                     <mrc:name>
                        <mcc:MD_Identifier>
                           <mcc:code>
                              <gcx:Anchor xlink:href="http://vocab.nerc.ac.uk/collection/P01/current/PSLTZZ01"/>
                           </mcc:code>
                        </mcc:MD_Identifier>
                     </mrc:name>
                     <mrc:units>
                        <gml:BaseUnit gml:id="d19e85">
                           <gml:identifier codeSpace="http://vocab.aodn.org.au/def/unitsofmeasure/1">http://vocab.aodn.org.au/def/unitsofmeasure/entity/481</gml:identifier>
                           <gml:name/>
                           <gml:quantityType/>
                           <gml:unitsSystem/>
                        </gml:BaseUnit>
                     </mrc:units>
                  </mrc:MD_SampleDimension>
               </mrc:attribute>
            </mrc:MD_AttributeGroup>
         </mrc:attributeGroup>
      </mrc:MD_CoverageDescription>
   </mdb:contentInfo>
   <mdb:acquisitionInformation>
      <mac:MI_AcquisitionInformation>
         <mac:scope>
            <mcc:MD_Scope>
               <mcc:level>
                  <mcc:MD_ScopeCode codeList="http://standards.iso.org/iso/19115/resources/Codelists/cat/codelists.xml#MD_ScopeCode"
                                    codeListValue="dataset"/>
               </mcc:level>
            </mcc:MD_Scope>
         </mac:scope>
         <mac:platform>
            <mac:MI_Platform>
               <mac:identifier>
                  <mcc:MD_Identifier>
                     <mcc:code>
                        <gcx:Anchor xlink:href="http://vocab.nerc.ac.uk/collection/L06/current/31">research vessel</gcx:Anchor>
                     </mcc:code>
                  </mcc:MD_Identifier>
               </mac:identifier>
               <mac:description>
                  <gco:CharacterString>research vessel</gco:CharacterString>
               </mac:description>
               <mac:instrument>
                  <mac:MI_Instrument>
                     <mac:identifier>
                        <mcc:MD_Identifier>
                           <mcc:code>
                              <gcx:Anchor xlink:href="http://vocab.nerc.ac.uk/collection/L05/current/134">water temperature sensor</gcx:Anchor>
                           </mcc:code>
                        </mcc:MD_Identifier>
                     </mac:identifier>
                     <mac:type gco:nilReason="missing">
                        <gco:CharacterString/>
                     </mac:type>
                  </mac:MI_Instrument>
               </mac:instrument>
               <mac:instrument>
                  <mac:MI_Instrument>
                     <mac:identifier>
                        <mcc:MD_Identifier>
                           <mcc:code>
                              <gcx:Anchor xlink:href="http://vocab.nerc.ac.uk/collection/L05/current/133">thermosalinographs</gcx:Anchor>
                           </mcc:code>
                        </mcc:MD_Identifier>
                     </mac:identifier>
                     <mac:type gco:nilReason="missing">
                        <gco:CharacterString/>
                     </mac:type>
                  </mac:MI_Instrument>
               </mac:instrument>
            </mac:MI_Platform>
         </mac:platform>
      </mac:MI_AcquisitionInformation>
   </mdb:acquisitionInformation>
</mdb:MD_Metadata>
