<?xml version="1.0" encoding="UTF-8"?>
<mdb:MD_Metadata xmlns:xsi="http://www.w3.org/2001/XMLSchema-instance"
                 xmlns:cat="http://standards.iso.org/iso/19115/-3/cat/1.0"
                 xmlns:cit="http://standards.iso.org/iso/19115/-3/cit/2.0"
                 xmlns:gcx="http://standards.iso.org/iso/19115/-3/gcx/1.0"
                 xmlns:gex="http://standards.iso.org/iso/19115/-3/gex/1.0"
                 xmlns:lan="http://standards.iso.org/iso/19115/-3/lan/1.0"
                 xmlns:srv="http://standards.iso.org/iso/19115/-3/srv/2.0"
                 xmlns:mas="http://standards.iso.org/iso/19115/-3/mas/1.0"
                 xmlns:mcc="http://standards.iso.org/iso/19115/-3/mcc/1.0"
                 xmlns:mco="http://standards.iso.org/iso/19115/-3/mco/1.0"
                 xmlns:mda="http://standards.iso.org/iso/19115/-3/mda/1.0"
                 xmlns:mdb="http://standards.iso.org/iso/19115/-3/mdb/2.0"
                 xmlns:mds="http://standards.iso.org/iso/19115/-3/mds/1.0"
                 xmlns:mdt="http://standards.iso.org/iso/19115/-3/mdt/1.0"
                 xmlns:mex="http://standards.iso.org/iso/19115/-3/mex/1.0"
                 xmlns:mmi="http://standards.iso.org/iso/19115/-3/mmi/1.0"
                 xmlns:mpc="http://standards.iso.org/iso/19115/-3/mpc/1.0"
                 xmlns:mrc="http://standards.iso.org/iso/19115/-3/mrc/2.0"
                 xmlns:mrd="http://standards.iso.org/iso/19115/-3/mrd/1.0"
                 xmlns:mri="http://standards.iso.org/iso/19115/-3/mri/1.0"
                 xmlns:mrl="http://standards.iso.org/iso/19115/-3/mrl/2.0"
                 xmlns:mrs="http://standards.iso.org/iso/19115/-3/mrs/1.0"
                 xmlns:msr="http://standards.iso.org/iso/19115/-3/msr/2.0"
                 xmlns:mdq="http://standards.iso.org/iso/19157/-2/mdq/1.0"
                 xmlns:mac="http://standards.iso.org/iso/19115/-3/mac/2.0"
                 xmlns:gco="http://standards.iso.org/iso/19115/-3/gco/1.0"
                 xmlns:gml="http://www.opengis.net/gml/3.2"
                 xmlns:xlink="http://www.w3.org/1999/xlink"
                 xsi:schemaLocation="http://standards.iso.org/iso/19115/-3/cat/1.0 http://standards.iso.org/iso/19115/-3/cat/1.0/cat.xsd http://standards.iso.org/iso/19115/-3/cit/2.0 http://standards.iso.org/iso/19115/-3/cit/2.0/cit.xsd http://standards.iso.org/iso/19115/-3/gcx/1.0 http://standards.iso.org/iso/19115/-3/gcx/1.0/gcx.xsd http://standards.iso.org/iso/19115/-3/gex/1.0 http://standards.iso.org/iso/19115/-3/gex/1.0/gex.xsd http://standards.iso.org/iso/19115/-3/lan/1.0 http://standards.iso.org/iso/19115/-3/lan/1.0/lan.xsd http://standards.iso.org/iso/19115/-3/srv/2.0 http://standards.iso.org/iso/19115/-3/srv/2.0/srv.xsd http://standards.iso.org/iso/19115/-3/mas/1.0 http://standards.iso.org/iso/19115/-3/mas/1.0/mas.xsd http://standards.iso.org/iso/19115/-3/mcc/1.0 http://standards.iso.org/iso/19115/-3/mcc/1.0/mcc.xsd http://standards.iso.org/iso/19115/-3/mco/1.0 http://standards.iso.org/iso/19115/-3/mco/1.0/mco.xsd http://standards.iso.org/iso/19115/-3/mda/2.0 http://standards.iso.org/iso/19115/-3/mda/2.0/mda.xsd http://standards.iso.org/iso/19115/-3/mdb/2.0 http://standards.iso.org/iso/19115/-3/mdb/2.0/mdb.xsd http://standards.iso.org/iso/19115/-3/mds/2.0 http://standards.iso.org/iso/19115/-3/mds/2.0/mds.xsd http://standards.iso.org/iso/19115/-3/mdt/2.0 http://standards.iso.org/iso/19115/-3/mdt/2.0/mdt.xsd http://standards.iso.org/iso/19115/-3/mex/1.0 http://standards.iso.org/iso/19115/-3/mex/1.0/mex.xsd http://standards.iso.org/iso/19115/-3/mmi/1.0 http://standards.iso.org/iso/19115/-3/mmi/1.0/mmi.xsd http://standards.iso.org/iso/19115/-3/mpc/1.0 http://standards.iso.org/iso/19115/-3/mpc/1.0/mpc.xsd http://standards.iso.org/iso/19115/-3/mrc/2.0 http://standards.iso.org/iso/19115/-3/mrc/2.0/mrc.xsd http://standards.iso.org/iso/19115/-3/mrd/1.0 http://standards.iso.org/iso/19115/-3/mrd/1.0/mrd.xsd http://standards.iso.org/iso/19115/-3/mri/1.0 http://standards.iso.org/iso/19115/-3/mri/1.0/mri.xsd http://standards.iso.org/iso/19115/-3/mrl/2.0 http://standards.iso.org/iso/19115/-3/mrl/2.0/mrl.xsd http://standards.iso.org/iso/19115/-3/mrs/1.0 http://standards.iso.org/iso/19115/-3/mrs/1.0/mrs.xsd http://standards.iso.org/iso/19115/-3/msr/2.0 http://standards.iso.org/iso/19115/-3/msr/2.0/msr.xsd http://standards.iso.org/iso/19157/-2/mdq/1.0 http://standards.iso.org/iso/19157/-2/mdq/1.0/mdq.xsd http://standards.iso.org/iso/19115/-3/mac/2.0 http://standards.iso.org/iso/19115/-3/mac/2.0/mac.xsd http://standards.iso.org/iso/19115/-3/gco/1.0 http://standards.iso.org/iso/19115/-3/gco/1.0/gco.xsd http://standards.iso.org/iso/19115/-3/gmw/1.0 http://standards.iso.org/iso/19115/-3/gmw/1.0/gmw.xsd http://www.opengis.net/gml/3.2 http://schemas.opengis.net/gml/3.2.1/gml.xsd http://www.w3.org/1999/xlink http://www.w3.org/1999/xlink.xsd">
   <mdb:metadataIdentifier>
      <mcc:MD_Identifier>
         <mcc:code>
            <gco:CharacterString>d431c584-8d1e-429b-ad6d-0e03be3b95b2</gco:CharacterString>
         </mcc:code>
      </mcc:MD_Identifier>
   </mdb:metadataIdentifier>
   <mdb:contact gco:nilReason="missing"/>
   <mdb:dateInfo gco:nilReason="missing"/>
   <mdb:metadataStandard>
      <cit:CI_Citation>
         <cit:title>
            <gco:CharacterString>ISO 19115-3:2018</gco:CharacterString>
         </cit:title>
      </cit:CI_Citation>
   </mdb:metadataStandard>
   <mdb:identificationInfo>
      <mri:MD_DataIdentification>
         <mri:citation>
            <cit:CI_Citation>
               <cit:title>
                  <gco:CharacterString>Southern Ocean Continuous Zooplankton Records (Former AODN Portal copy)</gco:CharacterString>
               </cit:title>
               <cit:alternateTitle>
                  <gco:CharacterString>Southern Ocean Continuous Zooplankton Records</gco:CharacterString>
               </cit:alternateTitle>
               <cit:date>
                  <cit:CI_Date>
                     <cit:date>
                        <gco:DateTime>1999-10-07T00:00:00</gco:DateTime>
                     </cit:date>
                     <cit:dateType>
                        <cit:CI_DateTypeCode codeList="http://standards.iso.org/iso/19115/resources/Codelists/cat/codelists.xml#CI_DateTypeCode"
                                             codeListValue="publication"/>
                     </cit:dateType>
                  </cit:CI_Date>
               </cit:date>
               <cit:identifier>
                  <mcc:MD_Identifier>
                     <mcc:authority>
                        <cit:CI_Citation>
                           <cit:title>
                              <gco:CharacterString>Information and documentation - Digital object identifier system</gco:CharacterString>
                           </cit:title>
                           <cit:date>
                              <cit:CI_Date>
                                 <cit:date>
                                    <gco:DateTime>2012-04-23T00:00:00</gco:DateTime>
                                 </cit:date>
                                 <cit:dateType>
                                    <cit:CI_DateTypeCode codeList="http://standards.iso.org/iso/19115/resources/Codelists/cat/codelists.xml#CI_DateTypeCode"
                                                         codeListValue="publication"/>
                                 </cit:dateType>
                              </cit:CI_Date>
                           </cit:date>
                           <cit:identifier>
                              <mcc:MD_Identifier>
                                 <mcc:code>
                                    <gco:CharacterString>ISO 26324:2012</gco:CharacterString>
                                 </mcc:code>
                              </mcc:MD_Identifier>
                           </cit:identifier>
                        </cit:CI_Citation>
                     </mcc:authority>
                     <mcc:code>
                        <gco:CharacterString>doi:10.4225/15/5670EF76388E1</gco:CharacterString>
                     </mcc:code>
                  </mcc:MD_Identifier>
               </cit:identifier>
               <cit:identifier>
                  <mcc:MD_Identifier>
                     <mcc:code>
                        <gco:CharacterString>AADC-00099</gco:CharacterString>
                     </mcc:code>
                  </mcc:MD_Identifier>
               </cit:identifier>
               <cit:citedResponsibleParty>
                  <cit:CI_Responsibility>
                     <cit:role>
                        <cit:CI_RoleCode codeList="http://standards.iso.org/iso/19115/resources/Codelists/cat/codelists.xml#CI_RoleCode"
                                         codeListValue="principalInvestigator"/>
                     </cit:role>
                     <cit:party>
                        <cit:CI_Organisation>
                           <cit:name>
                              <gco:CharacterString>Australian Antarctic Division (AAD)</gco:CharacterString>
                           </cit:name>
                           <cit:individual>
                              <cit:CI_Individual>
                                 <cit:name>
                                    <gco:CharacterString>HOSIE, GRAHAM</gco:CharacterString>
                                 </cit:name>
                                 <cit:contactInfo>
                                    <cit:CI_Contact>
                                       <cit:phone>
                                          <cit:CI_Telephone>
                                             <cit:number>
                                                <gco:CharacterString>+61 3 6232 3364</gco:CharacterString>
                                             </cit:number>
                                             <cit:numberType>
                                                <cit:CI_TelephoneTypeCode codeList="http://standards.iso.org/iso/19115/resources/Codelists/cat/codelists.xml#CI_TelephoneTypeCode"
                                                                          codeListValue="voice"/>
                                             </cit:numberType>
                                          </cit:CI_Telephone>
                                       </cit:phone>
                                       <cit:phone>
                                          <cit:CI_Telephone>
                                             <cit:number>
                                                <gco:CharacterString>+61 3 6232 3158</gco:CharacterString>
                                             </cit:number>
                                             <cit:numberType>
                                                <cit:CI_TelephoneTypeCode codeList="http://standards.iso.org/iso/19115/resources/Codelists/cat/codelists.xml#CI_TelephoneTypeCode"
                                                                          codeListValue="facsimile"/>
                                             </cit:numberType>
                                          </cit:CI_Telephone>
                                       </cit:phone>
                                       <cit:address>
                                          <cit:CI_Address>
                                             <cit:deliveryPoint>
                                                <gco:CharacterString>Australian Antarctic Division</gco:CharacterString>
                                             </cit:deliveryPoint>
                                             <cit:deliveryPoint>
                                                <gco:CharacterString>203 Channel Highway</gco:CharacterString>
                                             </cit:deliveryPoint>
                                             <cit:city>
                                                <gco:CharacterString>Kingston</gco:CharacterString>
                                             </cit:city>
                                             <cit:administrativeArea>
                                                <gco:CharacterString>Tasmania</gco:CharacterString>
                                             </cit:administrativeArea>
                                             <cit:postalCode>
                                                <gco:CharacterString>7050</gco:CharacterString>
                                             </cit:postalCode>
                                             <cit:country>
                                                <gco:CharacterString>Australia</gco:CharacterString>
                                             </cit:country>
                                             <cit:electronicMailAddress gco:nilReason="missing">
                                                <gco:CharacterString/>
                                             </cit:electronicMailAddress>
                                          </cit:CI_Address>
                                       </cit:address>
                                       <cit:onlineResource>
                                          <cit:CI_OnlineResource>
                                             <cit:linkage gco:nilReason="missing">
                                                <gco:CharacterString/>
                                             </cit:linkage>
                                             <cit:protocol gco:nilReason="missing">
                                                <gco:CharacterString/>
                                             </cit:protocol>
                                             <cit:name gco:nilReason="missing">
                                                <gco:CharacterString/>
                                             </cit:name>
                                             <cit:description gco:nilReason="missing">
                                                <gco:CharacterString/>
                                             </cit:description>
                                          </cit:CI_OnlineResource>
                                       </cit:onlineResource>
                                    </cit:CI_Contact>
                                 </cit:contactInfo>
                              </cit:CI_Individual>
                           </cit:individual>
                        </cit:CI_Organisation>
                     </cit:party>
                  </cit:CI_Responsibility>
               </cit:citedResponsibleParty>
               <cit:citedResponsibleParty>
                  <cit:CI_Responsibility>
                     <cit:role>
                        <cit:CI_RoleCode codeList="http://standards.iso.org/iso/19115/resources/Codelists/cat/codelists.xml#CI_RoleCode"
                                         codeListValue="originator"/>
                     </cit:role>
                     <cit:party>
                        <cit:CI_Individual>
                           <cit:name>
                              <gco:CharacterString>Australian Antarctic Division (AAD)</gco:CharacterString>
                           </cit:name>
                        </cit:CI_Individual>
                     </cit:party>
                  </cit:CI_Responsibility>
               </cit:citedResponsibleParty>
               <cit:citedResponsibleParty>
                  <cit:CI_Responsibility>
                     <cit:role>
                        <cit:CI_RoleCode codeList="http://standards.iso.org/iso/19115/resources/Codelists/cat/codelists.xml#CI_RoleCode"
                                         codeListValue="publisher"/>
                     </cit:role>
                     <cit:party>
                        <cit:CI_Individual>
                           <cit:name>
                              <gco:CharacterString>Australian Antarctic Data Centre (AADC)</gco:CharacterString>
                           </cit:name>
                        </cit:CI_Individual>
                     </cit:party>
                  </cit:CI_Responsibility>
               </cit:citedResponsibleParty>
               <cit:series>
                  <cit:CI_Series>
                     <cit:name>
                        <gco:CharacterString>CAASM Metadata</gco:CharacterString>
                     </cit:name>
                  </cit:CI_Series>
               </cit:series>
            </cit:CI_Citation>
         </mri:citation>
         <mri:abstract gco:nilReason="missing"/>
         <mri:defaultLocale>
            <lan:PT_Locale>
               <lan:language>
                  <lan:LanguageCode codeList="http://www.loc.gov/standards/iso639-2/" codeListValue="eng"/>
               </lan:language>
               <lan:characterEncoding gco:nilReason="unknown"/>
            </lan:PT_Locale>
         </mri:defaultLocale>
      </mri:MD_DataIdentification>
   </mdb:identificationInfo>
</mdb:MD_Metadata>
