<?xml version="1.0" encoding="UTF-8"?>
<mdb:MD_Metadata xmlns:xsi="http://www.w3.org/2001/XMLSchema-instance"
                 xmlns:cat="http://standards.iso.org/iso/19115/-3/cat/1.0"
                 xmlns:cit="http://standards.iso.org/iso/19115/-3/cit/2.0"
                 xmlns:gcx="http://standards.iso.org/iso/19115/-3/gcx/1.0"
                 xmlns:gex="http://standards.iso.org/iso/19115/-3/gex/1.0"
                 xmlns:lan="http://standards.iso.org/iso/19115/-3/lan/1.0"
                 xmlns:srv="http://standards.iso.org/iso/19115/-3/srv/2.0"
                 xmlns:mas="http://standards.iso.org/iso/19115/-3/mas/1.0"
                 xmlns:mcc="http://standards.iso.org/iso/19115/-3/mcc/1.0"
                 xmlns:mco="http://standards.iso.org/iso/19115/-3/mco/1.0"
                 xmlns:mda="http://standards.iso.org/iso/19115/-3/mda/1.0"
                 xmlns:mdb="http://standards.iso.org/iso/19115/-3/mdb/2.0"
                 xmlns:mds="http://standards.iso.org/iso/19115/-3/mds/1.0"
                 xmlns:mdt="http://standards.iso.org/iso/19115/-3/mdt/1.0"
                 xmlns:mex="http://standards.iso.org/iso/19115/-3/mex/1.0"
                 xmlns:mmi="http://standards.iso.org/iso/19115/-3/mmi/1.0"
                 xmlns:mpc="http://standards.iso.org/iso/19115/-3/mpc/1.0"
                 xmlns:mrc="http://standards.iso.org/iso/19115/-3/mrc/2.0"
                 xmlns:mrd="http://standards.iso.org/iso/19115/-3/mrd/1.0"
                 xmlns:mri="http://standards.iso.org/iso/19115/-3/mri/1.0"
                 xmlns:mrl="http://standards.iso.org/iso/19115/-3/mrl/2.0"
                 xmlns:mrs="http://standards.iso.org/iso/19115/-3/mrs/1.0"
                 xmlns:msr="http://standards.iso.org/iso/19115/-3/msr/2.0"
                 xmlns:mdq="http://standards.iso.org/iso/19157/-2/mdq/1.0"
                 xmlns:mac="http://standards.iso.org/iso/19115/-3/mac/2.0"
                 xmlns:gco="http://standards.iso.org/iso/19115/-3/gco/1.0"
                 xmlns:gml="http://www.opengis.net/gml/3.2"
                 xmlns:xlink="http://www.w3.org/1999/xlink"
                 xsi:schemaLocation="http://standards.iso.org/iso/19115/-3/cat/1.0 http://standards.iso.org/iso/19115/-3/cat/1.0/cat.xsd http://standards.iso.org/iso/19115/-3/cit/2.0 http://standards.iso.org/iso/19115/-3/cit/2.0/cit.xsd http://standards.iso.org/iso/19115/-3/gcx/1.0 http://standards.iso.org/iso/19115/-3/gcx/1.0/gcx.xsd http://standards.iso.org/iso/19115/-3/gex/1.0 http://standards.iso.org/iso/19115/-3/gex/1.0/gex.xsd http://standards.iso.org/iso/19115/-3/lan/1.0 http://standards.iso.org/iso/19115/-3/lan/1.0/lan.xsd http://standards.iso.org/iso/19115/-3/srv/2.0 http://standards.iso.org/iso/19115/-3/srv/2.0/srv.xsd http://standards.iso.org/iso/19115/-3/mas/1.0 http://standards.iso.org/iso/19115/-3/mas/1.0/mas.xsd http://standards.iso.org/iso/19115/-3/mcc/1.0 http://standards.iso.org/iso/19115/-3/mcc/1.0/mcc.xsd http://standards.iso.org/iso/19115/-3/mco/1.0 http://standards.iso.org/iso/19115/-3/mco/1.0/mco.xsd http://standards.iso.org/iso/19115/-3/mda/2.0 http://standards.iso.org/iso/19115/-3/mda/2.0/mda.xsd http://standards.iso.org/iso/19115/-3/mdb/2.0 http://standards.iso.org/iso/19115/-3/mdb/2.0/mdb.xsd http://standards.iso.org/iso/19115/-3/mds/2.0 http://standards.iso.org/iso/19115/-3/mds/2.0/mds.xsd http://standards.iso.org/iso/19115/-3/mdt/2.0 http://standards.iso.org/iso/19115/-3/mdt/2.0/mdt.xsd http://standards.iso.org/iso/19115/-3/mex/1.0 http://standards.iso.org/iso/19115/-3/mex/1.0/mex.xsd http://standards.iso.org/iso/19115/-3/mmi/1.0 http://standards.iso.org/iso/19115/-3/mmi/1.0/mmi.xsd http://standards.iso.org/iso/19115/-3/mpc/1.0 http://standards.iso.org/iso/19115/-3/mpc/1.0/mpc.xsd http://standards.iso.org/iso/19115/-3/mrc/2.0 http://standards.iso.org/iso/19115/-3/mrc/2.0/mrc.xsd http://standards.iso.org/iso/19115/-3/mrd/1.0 http://standards.iso.org/iso/19115/-3/mrd/1.0/mrd.xsd http://standards.iso.org/iso/19115/-3/mri/1.0 http://standards.iso.org/iso/19115/-3/mri/1.0/mri.xsd http://standards.iso.org/iso/19115/-3/mrl/2.0 http://standards.iso.org/iso/19115/-3/mrl/2.0/mrl.xsd http://standards.iso.org/iso/19115/-3/mrs/1.0 http://standards.iso.org/iso/19115/-3/mrs/1.0/mrs.xsd http://standards.iso.org/iso/19115/-3/msr/2.0 http://standards.iso.org/iso/19115/-3/msr/2.0/msr.xsd http://standards.iso.org/iso/19157/-2/mdq/1.0 http://standards.iso.org/iso/19157/-2/mdq/1.0/mdq.xsd http://standards.iso.org/iso/19115/-3/mac/2.0 http://standards.iso.org/iso/19115/-3/mac/2.0/mac.xsd http://standards.iso.org/iso/19115/-3/gco/1.0 http://standards.iso.org/iso/19115/-3/gco/1.0/gco.xsd http://standards.iso.org/iso/19115/-3/gmw/1.0 http://standards.iso.org/iso/19115/-3/gmw/1.0/gmw.xsd http://www.opengis.net/gml/3.2 http://schemas.opengis.net/gml/3.2.1/gml.xsd http://www.w3.org/1999/xlink http://www.w3.org/1999/xlink.xsd">
   <mdb:metadataIdentifier>
      <mcc:MD_Identifier>
         <mcc:code>
            <gco:CharacterString>8af21108-c535-43bf-8dab-c1f45a26088c</gco:CharacterString>
         </mcc:code>
      </mcc:MD_Identifier>
   </mdb:metadataIdentifier>
   <mdb:contact gco:nilReason="missing"/>
   <mdb:dateInfo gco:nilReason="missing"/>
   <mdb:metadataStandard>
      <cit:CI_Citation>
         <cit:title>
            <gco:CharacterString>ISO 19115-3:2018</gco:CharacterString>
         </cit:title>
      </cit:CI_Citation>
   </mdb:metadataStandard>
   <mdb:identificationInfo>
      <mri:MD_DataIdentification>
         <mri:citation gco:nilReason="missing"/>
         <mri:abstract gco:nilReason="missing"/>
         <mri:descriptiveKeywords>
            <mri:MD_Keywords>
               <mri:keyword>
                  <gco:CharacterString>Oceans - Ocean Optics - Fluorescence</gco:CharacterString>
               </mri:keyword>
               <mri:keyword>
                  <gco:CharacterString>Oceans - Ocean Chemistry - Pigments , Chlorophyll</gco:CharacterString>
               </mri:keyword>
               <mri:keyword>
                  <gco:CharacterString>Oceans - Ocean Temperature - Water Temperature</gco:CharacterString>
               </mri:keyword>
               <mri:keyword>
                  <gco:CharacterString>Oceans - Ocean Optics - Turbidity</gco:CharacterString>
               </mri:keyword>
               <mri:keyword>
                  <gco:CharacterString>Oceans - Salinity/Density - Conductivity</gco:CharacterString>
               </mri:keyword>
               <mri:keyword>
                  <gco:CharacterString>Oceans - Bathymetry/Seafloor Topography - Bathymetry</gco:CharacterString>
               </mri:keyword>
               <mri:type>
                  <mri:MD_KeywordTypeCode codeList="http://standards.iso.org/iso/19115/resources/Codelists/cat/codelists.xml#MD_KeywordTypeCode"
                                          codeListValue="theme"/>
               </mri:type>
               <mri:thesaurusName>
                  <cit:CI_Citation>
                     <cit:title>
                        <gco:CharacterString>NASA/Global Change Master Directory (GCMD) Science Keywords Version 6.0.0.0.0</gco:CharacterString>
                     </cit:title>
                     <cit:date>
                        <cit:CI_Date>
                           <cit:date>
                              <gco:DateTime>2007-07-23T00:00:00</gco:DateTime>
                           </cit:date>
                           <cit:dateType>
                              <cit:CI_DateTypeCode codeList="http://standards.iso.org/iso/19115/resources/Codelists/cat/codelists.xml#CI_DateTypeCode"
                                                   codeListValue="revision"/>
                           </cit:dateType>
                        </cit:CI_Date>
                     </cit:date>
                     <cit:citedResponsibleParty>
                        <cit:CI_Responsibility>
                           <cit:role>
                              <cit:CI_RoleCode codeList="http://standards.iso.org/iso/19115/resources/Codelists/cat/codelists.xml#CI_RoleCode"
                                               codeListValue="owner"/>
                           </cit:role>
                           <cit:party>
                              <cit:CI_Organisation>
                                 <cit:name>
                                    <gco:CharacterString>National Aeronautics and Space Administration (NASA)</gco:CharacterString>
                                 </cit:name>
                                 <cit:contactInfo>
                                    <cit:CI_Contact>
                                       <cit:onlineResource>
                                          <cit:CI_OnlineResource>
                                             <cit:linkage>
                                                <gco:CharacterString>http://gcmd.nasa.gov/index.html</gco:CharacterString>
                                             </cit:linkage>
                                             <cit:protocol>
                                                <gco:CharacterString>WWW:LINK-1.0-http--link</gco:CharacterString>
                                             </cit:protocol>
                                          </cit:CI_OnlineResource>
                                       </cit:onlineResource>
                                    </cit:CI_Contact>
                                 </cit:contactInfo>
                                 <cit:individual>
                                    <cit:CI_Individual>
                                       <cit:name>
                                          <gco:CharacterString>LM Olsen, G Major, K Shein, J Scialdone, R Vogel, S Leicester, H Weir, S Ritz, T Stevens, M Meaux, C Solomon, R Bilodeau, M Holland, T Northcutt, RA Restrepo</gco:CharacterString>
                                       </cit:name>
                                    </cit:CI_Individual>
                                 </cit:individual>
                              </cit:CI_Organisation>
                           </cit:party>
                        </cit:CI_Responsibility>
                     </cit:citedResponsibleParty>
                  </cit:CI_Citation>
               </mri:thesaurusName>
            </mri:MD_Keywords>
         </mri:descriptiveKeywords>
         <mri:descriptiveKeywords>
            <mri:MD_Keywords>
               <mri:keyword>
                  <gco:CharacterString>EARTH SCIENCES - Oceanography - Physical Oceanography</gco:CharacterString>
               </mri:keyword>
               <mri:keyword>
                  <gco:CharacterString>EARTH SCIENCES - Oceanography - Chemical Oceanography</gco:CharacterString>
               </mri:keyword>
               <mri:keyword>
                  <gco:CharacterString>EARTH SCIENCES - Oceanography - Biological Oceanography</gco:CharacterString>
               </mri:keyword>
               <mri:type>
                  <mri:MD_KeywordTypeCode codeList="http://standards.iso.org/iso/19115/resources/Codelists/cat/codelists.xml#MD_KeywordTypeCode"
                                          codeListValue="discipline"/>
               </mri:type>
               <mri:thesaurusName>
                  <cit:CI_Citation>
                     <cit:title>
                        <gco:CharacterString>Research Fields, Courses and Disciplines (RFCD)</gco:CharacterString>
                     </cit:title>
                     <cit:date>
                        <cit:CI_Date>
                           <cit:date>
                              <gco:DateTime>1998-08-28T00:00:00</gco:DateTime>
                           </cit:date>
                           <cit:dateType>
                              <cit:CI_DateTypeCode codeList="http://standards.iso.org/iso/19115/resources/Codelists/cat/codelists.xml#CI_DateTypeCode"
                                                   codeListValue="revision"/>
                           </cit:dateType>
                        </cit:CI_Date>
                     </cit:date>
                     <cit:citedResponsibleParty>
                        <cit:CI_Responsibility>
                           <cit:role>
                              <cit:CI_RoleCode codeList="http://standards.iso.org/iso/19115/resources/Codelists/cat/codelists.xml#CI_RoleCode"
                                               codeListValue="owner"/>
                           </cit:role>
                           <cit:party>
                              <cit:CI_Organisation>
                                 <cit:name>
                                    <gco:CharacterString>Australian Bureau of Statistics: National Information and Referral Service (NIRS)</gco:CharacterString>
                                 </cit:name>
                                 <cit:contactInfo>
                                    <cit:CI_Contact>
                                       <cit:onlineResource>
                                          <cit:CI_OnlineResource>
                                             <cit:linkage>
                                                <gco:CharacterString>http://www.abs.gov.au/AUSSTATS/abs@.nsf/DetailsPage/1297.01998?OpenDocument</gco:CharacterString>
                                             </cit:linkage>
                                             <cit:protocol>
                                                <gco:CharacterString>WWW:LINK-1.0-http--link</gco:CharacterString>
                                             </cit:protocol>
                                          </cit:CI_OnlineResource>
                                       </cit:onlineResource>
                                    </cit:CI_Contact>
                                 </cit:contactInfo>
                              </cit:CI_Organisation>
                           </cit:party>
                        </cit:CI_Responsibility>
                     </cit:citedResponsibleParty>
                  </cit:CI_Citation>
               </mri:thesaurusName>
            </mri:MD_Keywords>
         </mri:descriptiveKeywords>
         <mri:descriptiveKeywords>
            <mri:MD_Keywords>
               <mri:keyword>
                  <gco:CharacterString>Thermosalinographs</gco:CharacterString>
               </mri:keyword>
               <mri:type>
                  <mri:MD_KeywordTypeCode codeList="http://standards.iso.org/iso/19115/resources/Codelists/cat/codelists.xml#MD_KeywordTypeCode"
                                          codeListValue="equipment"/>
               </mri:type>
               <mri:thesaurusName>
                  <cit:CI_Citation>
                     <cit:title>
                        <gco:CharacterString>AODCJF Collection Methods</gco:CharacterString>
                     </cit:title>
                     <cit:date>
                        <cit:CI_Date>
                           <cit:date>
                              <gco:DateTime>2006-10-13T00:00:00</gco:DateTime>
                           </cit:date>
                           <cit:dateType>
                              <cit:CI_DateTypeCode codeList="http://standards.iso.org/iso/19115/resources/Codelists/cat/codelists.xml#CI_DateTypeCode"
                                                   codeListValue="revision"/>
                           </cit:dateType>
                        </cit:CI_Date>
                     </cit:date>
                     <cit:citedResponsibleParty>
                        <cit:CI_Responsibility>
                           <cit:role>
                              <cit:CI_RoleCode codeList="http://standards.iso.org/iso/19115/resources/Codelists/cat/codelists.xml#CI_RoleCode"
                                               codeListValue="owner"/>
                           </cit:role>
                           <cit:party>
                              <cit:CI_Organisation>
                                 <cit:name>
                                    <gco:CharacterString>Australian Ocean Data Centre Joint Facility (AODCJF)</gco:CharacterString>
                                 </cit:name>
                                 <cit:contactInfo>
                                    <cit:CI_Contact>
                                       <cit:phone>
                                          <cit:CI_Telephone>
                                             <cit:number>
                                                <gco:CharacterString>+61 2 9359 3140</gco:CharacterString>
                                             </cit:number>
                                             <cit:numberType>
                                                <cit:CI_TelephoneTypeCode codeList="http://standards.iso.org/iso/19115/resources/Codelists/cat/codelists.xml#CI_TelephoneTypeCode"
                                                                          codeListValue="voice"/>
                                             </cit:numberType>
                                          </cit:CI_Telephone>
                                       </cit:phone>
                                       <cit:phone>
                                          <cit:CI_Telephone>
                                             <cit:number>
                                                <gco:CharacterString>+61 2 9359 3120</gco:CharacterString>
                                             </cit:number>
                                             <cit:numberType>
                                                <cit:CI_TelephoneTypeCode codeList="http://standards.iso.org/iso/19115/resources/Codelists/cat/codelists.xml#CI_TelephoneTypeCode"
                                                                          codeListValue="facsimile"/>
                                             </cit:numberType>
                                          </cit:CI_Telephone>
                                       </cit:phone>
                                       <cit:onlineResource>
                                          <cit:CI_OnlineResource>
                                             <cit:linkage>
                                                <gco:CharacterString>http://www.aodc.gov.au/</gco:CharacterString>
                                             </cit:linkage>
                                             <cit:protocol>
                                                <gco:CharacterString>WWW:LINK-1.0-http--link</gco:CharacterString>
                                             </cit:protocol>
                                          </cit:CI_OnlineResource>
                                       </cit:onlineResource>
                                    </cit:CI_Contact>
                                 </cit:contactInfo>
                                 <cit:individual>
                                    <cit:CI_Individual>
                                       <cit:positionName>
                                          <gco:CharacterString>Executive Officer</gco:CharacterString>
                                       </cit:positionName>
                                    </cit:CI_Individual>
                                 </cit:individual>
                              </cit:CI_Organisation>
                           </cit:party>
                        </cit:CI_Responsibility>
                     </cit:citedResponsibleParty>
                  </cit:CI_Citation>
               </mri:thesaurusName>
            </mri:MD_Keywords>
         </mri:descriptiveKeywords>
         <mri:descriptiveKeywords>
            <mri:MD_Keywords>
               <mri:keyword>
                  <gco:CharacterString>Sensors on Tropical Research Vessels Sub-Facility, Integrated Marine Observing System (IMOS)</gco:CharacterString>
               </mri:keyword>
               <mri:type>
                  <mri:MD_KeywordTypeCode codeList="http://standards.iso.org/iso/19115/resources/Codelists/cat/codelists.xml#MD_KeywordTypeCode"
                                          codeListValue="discipline"/>
               </mri:type>
               <mri:thesaurusName>
                  <cit:CI_Citation>
                     <cit:title>
                        <gco:CharacterString>AODN Organisation Vocabulary</gco:CharacterString>
                     </cit:title>
                     <cit:date>
                        <cit:CI_Date>
                           <cit:date>
                              <gco:DateTime>2018-07-13T13:45:00</gco:DateTime>
                           </cit:date>
                           <cit:dateType>
                              <cit:CI_DateTypeCode codeList="http://standards.iso.org/iso/19115/resources/Codelists/cat/codelists.xml#CI_DateTypeCode"
                                                   codeListValue="publication"/>
                           </cit:dateType>
                        </cit:CI_Date>
                     </cit:date>
                     <cit:identifier>
                        <mcc:MD_Identifier>
                           <mcc:code>
                              <gcx:Anchor xlink:href="http://catalogue-imos.dev.aodn.org.au/geonetwork/srv/eng/thesaurus.download?ref=external.discipline.aodnorganisationvocabulary_unpublished_for_IMOS_keywords">geonetwork.thesaurus.external.discipline.aodnorganisationvocabulary_unpublished_for_IMOS_keywords</gcx:Anchor>
                           </mcc:code>
                        </mcc:MD_Identifier>
                     </cit:identifier>
                  </cit:CI_Citation>
               </mri:thesaurusName>
            </mri:MD_Keywords>
         </mri:descriptiveKeywords>
         <mri:descriptiveKeywords>
            <mri:MD_Keywords>
               <mri:keyword>
                  <gco:CharacterString>Global / Oceans | Indian Ocean</gco:CharacterString>
               </mri:keyword>
               <mri:keyword>
                  <gco:CharacterString>Global / Oceans | Pacific Ocean</gco:CharacterString>
               </mri:keyword>
               <mri:keyword>
                  <gco:CharacterString>Regional Seas | Timor Sea</gco:CharacterString>
               </mri:keyword>
               <mri:keyword>
                  <gco:CharacterString>Regional Seas | Coral Sea</gco:CharacterString>
               </mri:keyword>
               <mri:keyword>
                  <gco:CharacterString>Regional Seas | Arafura Sea</gco:CharacterString>
               </mri:keyword>
               <mri:type>
                  <mri:MD_KeywordTypeCode codeList="http://standards.iso.org/iso/19115/resources/Codelists/cat/codelists.xml#MD_KeywordTypeCode"
                                          codeListValue="place"/>
               </mri:type>
               <mri:thesaurusName>
                  <cit:CI_Citation>
                     <cit:title>
                        <gco:CharacterString>AODN Geographic Extents Vocabulary</gco:CharacterString>
                     </cit:title>
                     <cit:date>
                        <cit:CI_Date>
                           <cit:date>
                              <gco:DateTime>2017-06-15T00:00:00</gco:DateTime>
                           </cit:date>
                           <cit:dateType>
                              <cit:CI_DateTypeCode codeList="http://standards.iso.org/iso/19115/resources/Codelists/cat/codelists.xml#CI_DateTypeCode"
                                                   codeListValue="revision"/>
                           </cit:dateType>
                        </cit:CI_Date>
                     </cit:date>
                     <cit:otherCitationDetails>
                        <gco:CharacterString>https://vocabs.ands.org.au/aodn-geographic-extents-vocabulary</gco:CharacterString>
                     </cit:otherCitationDetails>
                  </cit:CI_Citation>
               </mri:thesaurusName>
            </mri:MD_Keywords>
         </mri:descriptiveKeywords>
         <mri:descriptiveKeywords>
            <mri:MD_Keywords>
               <mri:keyword>
                  <gco:CharacterString>Countries | Australia</gco:CharacterString>
               </mri:keyword>
               <mri:keyword>
                  <gco:CharacterString>Marine Features (Australia) | Great Barrier Reef, QLD</gco:CharacterString>
               </mri:keyword>
               <mri:keyword>
                  <gco:CharacterString>Countries | Timor-Leste</gco:CharacterString>
               </mri:keyword>
               <mri:keyword>
                  <gco:CharacterString>States, Territories (Australia) | Northern Territory</gco:CharacterString>
               </mri:keyword>
               <mri:keyword>
                  <gco:CharacterString>States, Territories (Australia) | Western Australia</gco:CharacterString>
               </mri:keyword>
               <mri:keyword>
                  <gco:CharacterString>States, Territories (Australia) | Queensland</gco:CharacterString>
               </mri:keyword>
               <mri:type>
                  <mri:MD_KeywordTypeCode codeList="http://standards.iso.org/iso/19115/resources/Codelists/cat/codelists.xml#MD_KeywordTypeCode"
                                          codeListValue="place"/>
               </mri:type>
               <mri:thesaurusName>
                  <cit:CI_Citation>
                     <cit:title>
                        <gco:CharacterString>AODN Geographic Extents Vocabulary</gco:CharacterString>
                     </cit:title>
                     <cit:date>
                        <cit:CI_Date>
                           <cit:date>
                              <gco:DateTime>2017-06-15T00:00:00</gco:DateTime>
                           </cit:date>
                           <cit:dateType>
                              <cit:CI_DateTypeCode codeList="http://standards.iso.org/iso/19115/resources/Codelists/cat/codelists.xml#CI_DateTypeCode"
                                                   codeListValue="revision"/>
                           </cit:dateType>
                        </cit:CI_Date>
                     </cit:date>
                     <cit:otherCitationDetails>
                        <gco:CharacterString>https://vocabs.ands.org.au/aodn-geographic-extents-vocabulary</gco:CharacterString>
                     </cit:otherCitationDetails>
                  </cit:CI_Citation>
               </mri:thesaurusName>
            </mri:MD_Keywords>
         </mri:descriptiveKeywords>
         <mri:defaultLocale>
            <lan:PT_Locale>
               <lan:language>
                  <lan:LanguageCode codeList="http://www.loc.gov/standards/iso639-2/" codeListValue="eng"/>
               </lan:language>
               <lan:characterEncoding gco:nilReason="unknown"/>
            </lan:PT_Locale>
         </mri:defaultLocale>
      </mri:MD_DataIdentification>
   </mdb:identificationInfo>
</mdb:MD_Metadata>
