<?xml version="1.0" encoding="UTF-8"?>
<mdb:MD_Metadata xmlns:xsi="http://www.w3.org/2001/XMLSchema-instance"
                 xmlns:cat="http://standards.iso.org/iso/19115/-3/cat/1.0"
                 xmlns:cit="http://standards.iso.org/iso/19115/-3/cit/2.0"
                 xmlns:gcx="http://standards.iso.org/iso/19115/-3/gcx/1.0"
                 xmlns:gex="http://standards.iso.org/iso/19115/-3/gex/1.0"
                 xmlns:lan="http://standards.iso.org/iso/19115/-3/lan/1.0"
                 xmlns:srv="http://standards.iso.org/iso/19115/-3/srv/2.0"
                 xmlns:mas="http://standards.iso.org/iso/19115/-3/mas/1.0"
                 xmlns:mcc="http://standards.iso.org/iso/19115/-3/mcc/1.0"
                 xmlns:mco="http://standards.iso.org/iso/19115/-3/mco/1.0"
                 xmlns:mda="http://standards.iso.org/iso/19115/-3/mda/1.0"
                 xmlns:mdb="http://standards.iso.org/iso/19115/-3/mdb/2.0"
                 xmlns:mds="http://standards.iso.org/iso/19115/-3/mds/1.0"
                 xmlns:mdt="http://standards.iso.org/iso/19115/-3/mdt/1.0"
                 xmlns:mex="http://standards.iso.org/iso/19115/-3/mex/1.0"
                 xmlns:mmi="http://standards.iso.org/iso/19115/-3/mmi/1.0"
                 xmlns:mpc="http://standards.iso.org/iso/19115/-3/mpc/1.0"
                 xmlns:mrc="http://standards.iso.org/iso/19115/-3/mrc/2.0"
                 xmlns:mrd="http://standards.iso.org/iso/19115/-3/mrd/1.0"
                 xmlns:mri="http://standards.iso.org/iso/19115/-3/mri/1.0"
                 xmlns:mrl="http://standards.iso.org/iso/19115/-3/mrl/2.0"
                 xmlns:mrs="http://standards.iso.org/iso/19115/-3/mrs/1.0"
                 xmlns:msr="http://standards.iso.org/iso/19115/-3/msr/2.0"
                 xmlns:mdq="http://standards.iso.org/iso/19157/-2/mdq/1.0"
                 xmlns:mac="http://standards.iso.org/iso/19115/-3/mac/2.0"
                 xmlns:gco="http://standards.iso.org/iso/19115/-3/gco/1.0"
                 xmlns:gml="http://www.opengis.net/gml/3.2"
                 xmlns:xlink="http://www.w3.org/1999/xlink"
                 xsi:schemaLocation="http://standards.iso.org/iso/19115/-3/cat/1.0 http://standards.iso.org/iso/19115/-3/cat/1.0/cat.xsd http://standards.iso.org/iso/19115/-3/cit/2.0 http://standards.iso.org/iso/19115/-3/cit/2.0/cit.xsd http://standards.iso.org/iso/19115/-3/gcx/1.0 http://standards.iso.org/iso/19115/-3/gcx/1.0/gcx.xsd http://standards.iso.org/iso/19115/-3/gex/1.0 http://standards.iso.org/iso/19115/-3/gex/1.0/gex.xsd http://standards.iso.org/iso/19115/-3/lan/1.0 http://standards.iso.org/iso/19115/-3/lan/1.0/lan.xsd http://standards.iso.org/iso/19115/-3/srv/2.0 http://standards.iso.org/iso/19115/-3/srv/2.0/srv.xsd http://standards.iso.org/iso/19115/-3/mas/1.0 http://standards.iso.org/iso/19115/-3/mas/1.0/mas.xsd http://standards.iso.org/iso/19115/-3/mcc/1.0 http://standards.iso.org/iso/19115/-3/mcc/1.0/mcc.xsd http://standards.iso.org/iso/19115/-3/mco/1.0 http://standards.iso.org/iso/19115/-3/mco/1.0/mco.xsd http://standards.iso.org/iso/19115/-3/mda/2.0 http://standards.iso.org/iso/19115/-3/mda/2.0/mda.xsd http://standards.iso.org/iso/19115/-3/mdb/2.0 http://standards.iso.org/iso/19115/-3/mdb/2.0/mdb.xsd http://standards.iso.org/iso/19115/-3/mds/2.0 http://standards.iso.org/iso/19115/-3/mds/2.0/mds.xsd http://standards.iso.org/iso/19115/-3/mdt/2.0 http://standards.iso.org/iso/19115/-3/mdt/2.0/mdt.xsd http://standards.iso.org/iso/19115/-3/mex/1.0 http://standards.iso.org/iso/19115/-3/mex/1.0/mex.xsd http://standards.iso.org/iso/19115/-3/mmi/1.0 http://standards.iso.org/iso/19115/-3/mmi/1.0/mmi.xsd http://standards.iso.org/iso/19115/-3/mpc/1.0 http://standards.iso.org/iso/19115/-3/mpc/1.0/mpc.xsd http://standards.iso.org/iso/19115/-3/mrc/2.0 http://standards.iso.org/iso/19115/-3/mrc/2.0/mrc.xsd http://standards.iso.org/iso/19115/-3/mrd/1.0 http://standards.iso.org/iso/19115/-3/mrd/1.0/mrd.xsd http://standards.iso.org/iso/19115/-3/mri/1.0 http://standards.iso.org/iso/19115/-3/mri/1.0/mri.xsd http://standards.iso.org/iso/19115/-3/mrl/2.0 http://standards.iso.org/iso/19115/-3/mrl/2.0/mrl.xsd http://standards.iso.org/iso/19115/-3/mrs/1.0 http://standards.iso.org/iso/19115/-3/mrs/1.0/mrs.xsd http://standards.iso.org/iso/19115/-3/msr/2.0 http://standards.iso.org/iso/19115/-3/msr/2.0/msr.xsd http://standards.iso.org/iso/19157/-2/mdq/1.0 http://standards.iso.org/iso/19157/-2/mdq/1.0/mdq.xsd http://standards.iso.org/iso/19115/-3/mac/2.0 http://standards.iso.org/iso/19115/-3/mac/2.0/mac.xsd http://standards.iso.org/iso/19115/-3/gco/1.0 http://standards.iso.org/iso/19115/-3/gco/1.0/gco.xsd http://standards.iso.org/iso/19115/-3/gmw/1.0 http://standards.iso.org/iso/19115/-3/gmw/1.0/gmw.xsd http://www.opengis.net/gml/3.2 http://schemas.opengis.net/gml/3.2.1/gml.xsd http://www.w3.org/1999/xlink http://www.w3.org/1999/xlink.xsd">
   <mdb:metadataIdentifier>
      <mcc:MD_Identifier>
         <mcc:code>
            <gco:CharacterString>b299cdcd-3dee-48aa-abdd-e0fcdbb9cadc</gco:CharacterString>
         </mcc:code>
      </mcc:MD_Identifier>
   </mdb:metadataIdentifier>
   <mdb:metadataStandard>
      <cit:CI_Citation>
         <cit:title>
            <gco:CharacterString>ISO 19115-3:2018</gco:CharacterString>
         </cit:title>
      </cit:CI_Citation>
   </mdb:metadataStandard>
   <mdb:identificationInfo>
      <mri:MD_DataIdentification>
         <mri:resourceConstraints>
            <mco:MD_LegalConstraints>
               <mco:graphic>
                  <mcc:MD_BrowseGraphic>
                     <mcc:fileName gco:nilReason="inapplicable"/>
                     <mcc:linkage>
                        <cit:CI_OnlineResource>
                           <cit:linkage>
                              <gco:CharacterString>http://i.creativecommons.org/l/by/4.0/88x31.png</gco:CharacterString>
                           </cit:linkage>
                           <cit:protocol>
                              <gco:CharacterString>WWW:LINK-1.0-http--related</gco:CharacterString>
                           </cit:protocol>
                           <cit:description>
                              <gco:CharacterString>License Graphic</gco:CharacterString>
                           </cit:description>
                        </cit:CI_OnlineResource>
                     </mcc:linkage>
                  </mcc:MD_BrowseGraphic>
               </mco:graphic>
               <mco:reference>
                  <cit:CI_Citation>
                     <cit:title>
                        <gco:CharacterString>Attribution 4.0 International</gco:CharacterString>
                     </cit:title>
                     <cit:citedResponsibleParty>
                        <cit:CI_Responsibility>
                           <cit:role>
                              <cit:CI_RoleCode codeList="http://standards.iso.org/iso/19115/resources/Codelists/cat/codelists.xml#CI_RoleCode"
                                               codeListValue=""/>
                           </cit:role>
                           <cit:party>
                              <cit:CI_Organisation>
                                 <cit:name gco:nilReason="missing">
                                    <gco:CharacterString/>
                                 </cit:name>
                                 <cit:contactInfo>
                                    <cit:CI_Contact>
                                       <cit:address>
                                          <cit:CI_Address>
                                             <cit:electronicMailAddress gco:nilReason="missing">
                                                <gco:CharacterString/>
                                             </cit:electronicMailAddress>
                                          </cit:CI_Address>
                                       </cit:address>
                                       <cit:onlineResource>
                                          <cit:CI_OnlineResource>
                                             <cit:linkage>
                                                <gco:CharacterString>http://creativecommons.org/international/</gco:CharacterString>
                                             </cit:linkage>
                                             <cit:protocol>
                                                <gco:CharacterString>WWW:LINK-1.0-http--related</gco:CharacterString>
                                             </cit:protocol>
                                             <cit:name gco:nilReason="missing">
                                                <gco:CharacterString/>
                                             </cit:name>
                                             <cit:description gco:nilReason="missing">
                                                <gco:CharacterString/>
                                             </cit:description>
                                          </cit:CI_OnlineResource>
                                       </cit:onlineResource>
                                    </cit:CI_Contact>
                                 </cit:contactInfo>
                              </cit:CI_Organisation>
                           </cit:party>
                        </cit:CI_Responsibility>
                     </cit:citedResponsibleParty>
                     <cit:onlineResource>
                        <cit:CI_OnlineResource>
                           <cit:linkage>
                              <gco:CharacterString>http://creativecommons.org/licenses/by/4.0/</gco:CharacterString>
                           </cit:linkage>
                           <cit:protocol>
                              <gco:CharacterString>WWW:LINK-1.0-http--related</gco:CharacterString>
                           </cit:protocol>
                           <cit:description>
                              <gco:CharacterString>License Text</gco:CharacterString>
                           </cit:description>
                        </cit:CI_OnlineResource>
                     </cit:onlineResource>
                  </cit:CI_Citation>
               </mco:reference>
               <mco:otherConstraints>
                  <gco:CharacterString>The licence details for use of this data is "free and unrestricted". We request that attribution is "Department of Transport [W.A]; State of Queensland, Department of Environment and Science; and Australian Bureau of Meteorology, (date), [Title], Downloaded from [url] on [date-of-download]".</gco:CharacterString>
               </mco:otherConstraints>
               <mco:otherConstraints>
                  <gco:CharacterString>Please refer to http://www.bom.gov.au/other/disclaimer.shtml for Bureau disclaimer details.</gco:CharacterString>
               </mco:otherConstraints>
               <mco:otherConstraints>
                  <gco:CharacterString>The Dept of Transport [W.A] provides this data with the following disclaimer: "The Dept of Transport does not provide any warranty as to the accuracy of the Information nor as to its reliability. No person or corporation should act solely on the Information without considering, and, if necessary, seeking verification of the Information from an alternative information supplier. Neither Transport nor any member officer or employee undertakes responsibility in any way whatsoever to any person or corporation in respect of the Information including any errors or omissions therein however caused, whether through negligence or otherwise. (Dept of) Transport and all its member officers and employees expressly disclaim all and any liability to any person or corporation into whose hands the Information may come whether as purchased or otherwise, in respect of anything and of the consequences of anything done or omitted to be done by any such person or corporation in reliance in whole or part upon the whole or any part of the Information."</gco:CharacterString>
               </mco:otherConstraints>
               <mco:otherConstraints>
                  <gco:CharacterString>The Coastal Impacts Unit, DES disclaims all responsibility for the information provided, and all liability (including without limitation, liability in negligence) for all expenses, losses, damages, and costs that may be incurred as a result of the information being inaccurate or incomplete in any way for any reason</gco:CharacterString>
               </mco:otherConstraints>
            </mco:MD_LegalConstraints>
         </mri:resourceConstraints>
      </mri:MD_DataIdentification>
   </mdb:identificationInfo>
</mdb:MD_Metadata>
