<?xml version="1.0" encoding="UTF-8"?>
<mdb:MD_Metadata xmlns:xsi="http://www.w3.org/2001/XMLSchema-instance"
                 xmlns:cat="http://standards.iso.org/iso/19115/-3/cat/1.0"
                 xmlns:cit="http://standards.iso.org/iso/19115/-3/cit/2.0"
                 xmlns:gcx="http://standards.iso.org/iso/19115/-3/gcx/1.0"
                 xmlns:gex="http://standards.iso.org/iso/19115/-3/gex/1.0"
                 xmlns:lan="http://standards.iso.org/iso/19115/-3/lan/1.0"
                 xmlns:srv="http://standards.iso.org/iso/19115/-3/srv/2.0"
                 xmlns:mas="http://standards.iso.org/iso/19115/-3/mas/1.0"
                 xmlns:mcc="http://standards.iso.org/iso/19115/-3/mcc/1.0"
                 xmlns:mco="http://standards.iso.org/iso/19115/-3/mco/1.0"
                 xmlns:mda="http://standards.iso.org/iso/19115/-3/mda/1.0"
                 xmlns:mdb="http://standards.iso.org/iso/19115/-3/mdb/2.0"
                 xmlns:mds="http://standards.iso.org/iso/19115/-3/mds/1.0"
                 xmlns:mdt="http://standards.iso.org/iso/19115/-3/mdt/1.0"
                 xmlns:mex="http://standards.iso.org/iso/19115/-3/mex/1.0"
                 xmlns:mmi="http://standards.iso.org/iso/19115/-3/mmi/1.0"
                 xmlns:mpc="http://standards.iso.org/iso/19115/-3/mpc/1.0"
                 xmlns:mrc="http://standards.iso.org/iso/19115/-3/mrc/2.0"
                 xmlns:mrd="http://standards.iso.org/iso/19115/-3/mrd/1.0"
                 xmlns:mri="http://standards.iso.org/iso/19115/-3/mri/1.0"
                 xmlns:mrl="http://standards.iso.org/iso/19115/-3/mrl/2.0"
                 xmlns:mrs="http://standards.iso.org/iso/19115/-3/mrs/1.0"
                 xmlns:msr="http://standards.iso.org/iso/19115/-3/msr/2.0"
                 xmlns:mdq="http://standards.iso.org/iso/19157/-2/mdq/1.0"
                 xmlns:mac="http://standards.iso.org/iso/19115/-3/mac/2.0"
                 xmlns:gco="http://standards.iso.org/iso/19115/-3/gco/1.0"
                 xmlns:gml="http://www.opengis.net/gml/3.2"
                 xmlns:xlink="http://www.w3.org/1999/xlink"
                 xsi:schemaLocation="http://standards.iso.org/iso/19115/-3/cat/1.0 http://standards.iso.org/iso/19115/-3/cat/1.0/cat.xsd http://standards.iso.org/iso/19115/-3/cit/2.0 http://standards.iso.org/iso/19115/-3/cit/2.0/cit.xsd http://standards.iso.org/iso/19115/-3/gcx/1.0 http://standards.iso.org/iso/19115/-3/gcx/1.0/gcx.xsd http://standards.iso.org/iso/19115/-3/gex/1.0 http://standards.iso.org/iso/19115/-3/gex/1.0/gex.xsd http://standards.iso.org/iso/19115/-3/lan/1.0 http://standards.iso.org/iso/19115/-3/lan/1.0/lan.xsd http://standards.iso.org/iso/19115/-3/srv/2.0 http://standards.iso.org/iso/19115/-3/srv/2.0/srv.xsd http://standards.iso.org/iso/19115/-3/mas/1.0 http://standards.iso.org/iso/19115/-3/mas/1.0/mas.xsd http://standards.iso.org/iso/19115/-3/mcc/1.0 http://standards.iso.org/iso/19115/-3/mcc/1.0/mcc.xsd http://standards.iso.org/iso/19115/-3/mco/1.0 http://standards.iso.org/iso/19115/-3/mco/1.0/mco.xsd http://standards.iso.org/iso/19115/-3/mda/2.0 http://standards.iso.org/iso/19115/-3/mda/2.0/mda.xsd http://standards.iso.org/iso/19115/-3/mdb/2.0 http://standards.iso.org/iso/19115/-3/mdb/2.0/mdb.xsd http://standards.iso.org/iso/19115/-3/mds/2.0 http://standards.iso.org/iso/19115/-3/mds/2.0/mds.xsd http://standards.iso.org/iso/19115/-3/mdt/2.0 http://standards.iso.org/iso/19115/-3/mdt/2.0/mdt.xsd http://standards.iso.org/iso/19115/-3/mex/1.0 http://standards.iso.org/iso/19115/-3/mex/1.0/mex.xsd http://standards.iso.org/iso/19115/-3/mmi/1.0 http://standards.iso.org/iso/19115/-3/mmi/1.0/mmi.xsd http://standards.iso.org/iso/19115/-3/mpc/1.0 http://standards.iso.org/iso/19115/-3/mpc/1.0/mpc.xsd http://standards.iso.org/iso/19115/-3/mrc/2.0 http://standards.iso.org/iso/19115/-3/mrc/2.0/mrc.xsd http://standards.iso.org/iso/19115/-3/mrd/1.0 http://standards.iso.org/iso/19115/-3/mrd/1.0/mrd.xsd http://standards.iso.org/iso/19115/-3/mri/1.0 http://standards.iso.org/iso/19115/-3/mri/1.0/mri.xsd http://standards.iso.org/iso/19115/-3/mrl/2.0 http://standards.iso.org/iso/19115/-3/mrl/2.0/mrl.xsd http://standards.iso.org/iso/19115/-3/mrs/1.0 http://standards.iso.org/iso/19115/-3/mrs/1.0/mrs.xsd http://standards.iso.org/iso/19115/-3/msr/2.0 http://standards.iso.org/iso/19115/-3/msr/2.0/msr.xsd http://standards.iso.org/iso/19157/-2/mdq/1.0 http://standards.iso.org/iso/19157/-2/mdq/1.0/mdq.xsd http://standards.iso.org/iso/19115/-3/mac/2.0 http://standards.iso.org/iso/19115/-3/mac/2.0/mac.xsd http://standards.iso.org/iso/19115/-3/gco/1.0 http://standards.iso.org/iso/19115/-3/gco/1.0/gco.xsd http://standards.iso.org/iso/19115/-3/gmw/1.0 http://standards.iso.org/iso/19115/-3/gmw/1.0/gmw.xsd http://www.opengis.net/gml/3.2 http://schemas.opengis.net/gml/3.2.1/gml.xsd http://www.w3.org/1999/xlink http://www.w3.org/1999/xlink.xsd">
   <mdb:metadataIdentifier>
      <mcc:MD_Identifier>
         <mcc:code>
            <gco:CharacterString>2fbfadc1-0f81-4248-9c0e-3fbb5c3cafc1</gco:CharacterString>
         </mcc:code>
      </mcc:MD_Identifier>
   </mdb:metadataIdentifier>
   <mdb:contact gco:nilReason="missing"/>
   <mdb:dateInfo gco:nilReason="missing"/>
   <mdb:metadataStandard>
      <cit:CI_Citation>
         <cit:title>
            <gco:CharacterString>ISO 19115-3:2018</gco:CharacterString>
         </cit:title>
      </cit:CI_Citation>
   </mdb:metadataStandard>
   <mdb:identificationInfo>
      <mri:MD_DataIdentification>
         <mri:citation gco:nilReason="missing"/>
         <mri:abstract gco:nilReason="missing"/>
         <mri:descriptiveKeywords>
            <mri:MD_Keywords>
               <mri:keyword>
                  <gco:CharacterString>Coloured Dissolved Organic Matter (CDOM)</gco:CharacterString>
               </mri:keyword>
               <mri:keyword>
                  <gco:CharacterString>Glider</gco:CharacterString>
               </mri:keyword>
               <mri:keyword>
                  <gco:CharacterString>IMOS Facility | ANFOG | Australian National Facility for Ocean Gliders</gco:CharacterString>
               </mri:keyword>
               <mri:keyword>
                  <gco:CharacterString>Seaglider</gco:CharacterString>
               </mri:keyword>
               <mri:keyword>
                  <gco:CharacterString>IMOS Node | Bluewater and Climate</gco:CharacterString>
               </mri:keyword>
               <mri:type>
                  <mri:MD_KeywordTypeCode codeList="http://standards.iso.org/iso/19115/resources/Codelists/cat/codelists.xml#MD_KeywordTypeCode"
                                          codeListValue="theme"/>
               </mri:type>
               <mri:thesaurusName>
                  <cit:CI_Citation>
                     <cit:title>
                        <gco:CharacterString>IMOS Keywords Thesaurus</gco:CharacterString>
                     </cit:title>
                     <cit:alternateTitle>
                        <gco:CharacterString>IMOS</gco:CharacterString>
                     </cit:alternateTitle>
                     <cit:date>
                        <cit:CI_Date>
                           <cit:date>
                              <gco:DateTime>2008-10-30T00:00:00</gco:DateTime>
                           </cit:date>
                           <cit:dateType gco:nilReason="missing"/>
                        </cit:CI_Date>
                     </cit:date>
                     <cit:citedResponsibleParty>
                        <cit:CI_Responsibility>
                           <cit:role>
                              <cit:CI_RoleCode codeList="http://standards.iso.org/iso/19115/resources/Codelists/cat/codelists.xml#CI_RoleCode"
                                               codeListValue="owner"/>
                           </cit:role>
                           <cit:party>
                              <cit:CI_Organisation>
                                 <cit:name>
                                    <gco:CharacterString>Integrated Marine Observing System (IMOS)</gco:CharacterString>
                                 </cit:name>
                              </cit:CI_Organisation>
                           </cit:party>
                        </cit:CI_Responsibility>
                     </cit:citedResponsibleParty>
                  </cit:CI_Citation>
               </mri:thesaurusName>
            </mri:MD_Keywords>
         </mri:descriptiveKeywords>
         <mri:descriptiveKeywords>
            <mri:MD_Keywords>
               <mri:keyword>
                  <gco:CharacterString>Oceans | Ocean Chemistry | Chlorophyll</gco:CharacterString>
               </mri:keyword>
               <mri:keyword>
                  <gco:CharacterString>Oceans | Ocean Chemistry | Suspended Solids</gco:CharacterString>
               </mri:keyword>
               <mri:keyword>
                  <gco:CharacterString>Oceans | Ocean Temperature | Water Temperature</gco:CharacterString>
               </mri:keyword>
               <mri:keyword>
                  <gco:CharacterString>Oceans | Ocean Optics | Turbidity</gco:CharacterString>
               </mri:keyword>
               <mri:keyword>
                  <gco:CharacterString>Oceans | Salinity/density | Conductivity</gco:CharacterString>
               </mri:keyword>
               <mri:keyword>
                  <gco:CharacterString>Oceans | Ocean Optics | Fluorescence</gco:CharacterString>
               </mri:keyword>
               <mri:keyword>
                  <gco:CharacterString>Oceans | Ocean Chemistry | Oxygen</gco:CharacterString>
               </mri:keyword>
               <mri:keyword>
                  <gco:CharacterString>Oceans | Ocean Circulation | Ocean Currents</gco:CharacterString>
               </mri:keyword>
               <mri:type>
                  <mri:MD_KeywordTypeCode codeList="http://standards.iso.org/iso/19115/resources/Codelists/cat/codelists.xml#MD_KeywordTypeCode"
                                          codeListValue="theme"/>
               </mri:type>
               <mri:thesaurusName>
                  <cit:CI_Citation>
                     <cit:title>
                        <gco:CharacterString>NASA/Global Change Master Directory Earth Science Keywords Version 5.3.8</gco:CharacterString>
                     </cit:title>
                     <cit:alternateTitle>
                        <gco:CharacterString>GCMD</gco:CharacterString>
                     </cit:alternateTitle>
                     <cit:date>
                        <cit:CI_Date>
                           <cit:date>
                              <gco:DateTime>2006-01-01T00:00:00</gco:DateTime>
                           </cit:date>
                           <cit:dateType gco:nilReason="missing"/>
                        </cit:CI_Date>
                     </cit:date>
                     <cit:citedResponsibleParty>
                        <cit:CI_Responsibility>
                           <cit:role>
                              <cit:CI_RoleCode codeList="http://standards.iso.org/iso/19115/resources/Codelists/cat/codelists.xml#CI_RoleCode"
                                               codeListValue="owner"/>
                           </cit:role>
                           <cit:party>
                              <cit:CI_Organisation>
                                 <cit:name>
                                    <gco:CharacterString>National Aeronautics and Space Administration (NASA)</gco:CharacterString>
                                 </cit:name>
                              </cit:CI_Organisation>
                           </cit:party>
                        </cit:CI_Responsibility>
                     </cit:citedResponsibleParty>
                  </cit:CI_Citation>
               </mri:thesaurusName>
            </mri:MD_Keywords>
         </mri:descriptiveKeywords>
         <mri:descriptiveKeywords>
            <mri:MD_Keywords>
               <mri:keyword>
                  <gco:CharacterString>CTD (Conductivity-Temperature-Depth Profilers)</gco:CharacterString>
               </mri:keyword>
               <mri:keyword>
                  <gco:CharacterString>Fluorometers</gco:CharacterString>
               </mri:keyword>
               <mri:type>
                  <mri:MD_KeywordTypeCode codeList="http://standards.iso.org/iso/19115/resources/Codelists/cat/codelists.xml#MD_KeywordTypeCode"
                                          codeListValue="theme"/>
               </mri:type>
               <mri:thesaurusName>
                  <cit:CI_Citation>
                     <cit:title>
                        <gco:CharacterString>Marine Community Profile of ISO19115 v1.4 Collection Methods Vocabulary (Annex C.1.3)</gco:CharacterString>
                     </cit:title>
                     <cit:alternateTitle>
                        <gco:CharacterString>MCP</gco:CharacterString>
                     </cit:alternateTitle>
                     <cit:date>
                        <cit:CI_Date>
                           <cit:date>
                              <gco:DateTime>2008-10-30T00:00:00</gco:DateTime>
                           </cit:date>
                           <cit:dateType gco:nilReason="missing"/>
                        </cit:CI_Date>
                     </cit:date>
                     <cit:citedResponsibleParty>
                        <cit:CI_Responsibility>
                           <cit:role>
                              <cit:CI_RoleCode codeList="http://standards.iso.org/iso/19115/resources/Codelists/cat/codelists.xml#CI_RoleCode"
                                               codeListValue="owner"/>
                           </cit:role>
                           <cit:party>
                              <cit:CI_Organisation>
                                 <cit:name>
                                    <gco:CharacterString>Australian Ocean Data Centre Joint Facility (AODCJF)</gco:CharacterString>
                                 </cit:name>
                              </cit:CI_Organisation>
                           </cit:party>
                        </cit:CI_Responsibility>
                     </cit:citedResponsibleParty>
                  </cit:CI_Citation>
               </mri:thesaurusName>
            </mri:MD_Keywords>
         </mri:descriptiveKeywords>
         <mri:descriptiveKeywords>
            <mri:MD_Keywords>
               <mri:keyword>
                  <gco:CharacterString>Global / Oceans | Southern Ocean</gco:CharacterString>
               </mri:keyword>
               <mri:type>
                  <mri:MD_KeywordTypeCode codeList="http://standards.iso.org/iso/19115/resources/Codelists/cat/codelists.xml#MD_KeywordTypeCode"
                                          codeListValue="place"/>
               </mri:type>
               <mri:thesaurusName>
                  <cit:CI_Citation>
                     <cit:title>
                        <gco:CharacterString>Marine Community Profile of ISO19115 v1.4 Geographic Extent Vocabulary (Annex C.1.2)</gco:CharacterString>
                     </cit:title>
                     <cit:alternateTitle>
                        <gco:CharacterString>MCP</gco:CharacterString>
                     </cit:alternateTitle>
                     <cit:date>
                        <cit:CI_Date>
                           <cit:date>
                              <gco:DateTime>2008-10-30T00:00:00</gco:DateTime>
                           </cit:date>
                           <cit:dateType>
                              <cit:CI_DateTypeCode codeList="http://standards.iso.org/iso/19115/resources/Codelists/cat/codelists.xml#CI_DateTypeCode"
                                                   codeListValue="revision"/>
                           </cit:dateType>
                        </cit:CI_Date>
                     </cit:date>
                     <cit:citedResponsibleParty>
                        <cit:CI_Responsibility>
                           <cit:role>
                              <cit:CI_RoleCode codeList="http://standards.iso.org/iso/19115/resources/Codelists/cat/codelists.xml#CI_RoleCode"
                                               codeListValue="owner"/>
                           </cit:role>
                           <cit:party>
                              <cit:CI_Organisation>
                                 <cit:name>
                                    <gco:CharacterString>Australian Ocean Data Centre Joint Facility (AODCJF)</gco:CharacterString>
                                 </cit:name>
                              </cit:CI_Organisation>
                           </cit:party>
                        </cit:CI_Responsibility>
                     </cit:citedResponsibleParty>
                     <cit:citedResponsibleParty>
                        <cit:CI_Responsibility>
                           <cit:role gco:nilReason="missing"/>
                           <cit:party>
                              <cit:CI_Organisation>
                                 <cit:name gco:nilReason="missing">
                                    <gco:CharacterString/>
                                 </cit:name>
                                 <cit:contactInfo>
                                    <cit:CI_Contact>
                                       <cit:phone>
                                          <cit:CI_Telephone>
                                             <cit:number gco:nilReason="missing">
                                                <gco:CharacterString/>
                                             </cit:number>
                                             <cit:numberType>
                                                <cit:CI_TelephoneTypeCode codeList="http://standards.iso.org/iso/19115/resources/Codelists/cat/codelists.xml#CI_TelephoneTypeCode"
                                                                          codeListValue="voice"/>
                                             </cit:numberType>
                                          </cit:CI_Telephone>
                                       </cit:phone>
                                       <cit:phone>
                                          <cit:CI_Telephone>
                                             <cit:number gco:nilReason="missing">
                                                <gco:CharacterString/>
                                             </cit:number>
                                             <cit:numberType>
                                                <cit:CI_TelephoneTypeCode codeList="http://standards.iso.org/iso/19115/resources/Codelists/cat/codelists.xml#CI_TelephoneTypeCode"
                                                                          codeListValue="facsimile"/>
                                             </cit:numberType>
                                          </cit:CI_Telephone>
                                       </cit:phone>
                                       <cit:address>
                                          <cit:CI_Address>
                                             <cit:deliveryPoint gco:nilReason="missing">
                                                <gco:CharacterString/>
                                             </cit:deliveryPoint>
                                             <cit:city gco:nilReason="missing">
                                                <gco:CharacterString/>
                                             </cit:city>
                                             <cit:administrativeArea gco:nilReason="missing">
                                                <gco:CharacterString/>
                                             </cit:administrativeArea>
                                             <cit:postalCode gco:nilReason="missing">
                                                <gco:CharacterString/>
                                             </cit:postalCode>
                                             <cit:country gco:nilReason="missing">
                                                <gco:CharacterString/>
                                             </cit:country>
                                             <cit:electronicMailAddress gco:nilReason="missing">
                                                <gco:CharacterString/>
                                             </cit:electronicMailAddress>
                                          </cit:CI_Address>
                                       </cit:address>
                                    </cit:CI_Contact>
                                 </cit:contactInfo>
                                 <cit:individual>
                                    <cit:CI_Individual>
                                       <cit:name gco:nilReason="missing">
                                          <gco:CharacterString/>
                                       </cit:name>
                                       <cit:positionName gco:nilReason="missing">
                                          <gco:CharacterString/>
                                       </cit:positionName>
                                    </cit:CI_Individual>
                                 </cit:individual>
                              </cit:CI_Organisation>
                           </cit:party>
                        </cit:CI_Responsibility>
                     </cit:citedResponsibleParty>
                  </cit:CI_Citation>
               </mri:thesaurusName>
            </mri:MD_Keywords>
         </mri:descriptiveKeywords>
         <mri:resourceConstraints>
            <mco:MD_Constraints>
               <mco:useLimitation>
                  <gco:CharacterString>Data, products and services from IMOS are provided "as is" without any warranty as to fitness for a particular purpose.</gco:CharacterString>
               </mco:useLimitation>
            </mco:MD_Constraints>
         </mri:resourceConstraints>
         <mri:resourceConstraints>
            <mco:MD_LegalConstraints>
               <mco:graphic>
                  <mcc:MD_BrowseGraphic>
                     <mcc:fileName gco:nilReason="inapplicable"/>
                     <mcc:linkage>
                        <cit:CI_OnlineResource>
                           <cit:linkage>
                              <gco:CharacterString>https://licensebuttons.net/l/by/4.0/88x31.png</gco:CharacterString>
                           </cit:linkage>
                           <cit:protocol>
                              <gco:CharacterString>WWW:LINK-1.0-http--related</gco:CharacterString>
                           </cit:protocol>
                           <cit:description>
                              <gco:CharacterString>License Graphic</gco:CharacterString>
                           </cit:description>
                        </cit:CI_OnlineResource>
                     </mcc:linkage>
                  </mcc:MD_BrowseGraphic>
               </mco:graphic>
               <mco:reference>
                  <cit:CI_Citation>
                     <cit:title>
                        <gco:CharacterString>Attribution 4.0 International</gco:CharacterString>
                     </cit:title>
                     <cit:citedResponsibleParty>
                        <cit:CI_Responsibility>
                           <cit:role>
                              <cit:CI_RoleCode codeList="http://standards.iso.org/iso/19115/resources/Codelists/cat/codelists.xml#CI_RoleCode"
                                               codeListValue=""/>
                           </cit:role>
                           <cit:party>
                              <cit:CI_Organisation>
                                 <cit:name gco:nilReason="missing">
                                    <gco:CharacterString/>
                                 </cit:name>
                                 <cit:contactInfo>
                                    <cit:CI_Contact>
                                       <cit:address>
                                          <cit:CI_Address>
                                             <cit:electronicMailAddress gco:nilReason="missing">
                                                <gco:CharacterString/>
                                             </cit:electronicMailAddress>
                                          </cit:CI_Address>
                                       </cit:address>
                                       <cit:onlineResource>
                                          <cit:CI_OnlineResource>
                                             <cit:linkage>
                                                <gco:CharacterString>http://creativecommons.org/international/</gco:CharacterString>
                                             </cit:linkage>
                                             <cit:protocol>
                                                <gco:CharacterString>WWW:LINK-1.0-http--related</gco:CharacterString>
                                             </cit:protocol>
                                             <cit:name gco:nilReason="missing">
                                                <gco:CharacterString/>
                                             </cit:name>
                                             <cit:description gco:nilReason="missing">
                                                <gco:CharacterString/>
                                             </cit:description>
                                          </cit:CI_OnlineResource>
                                       </cit:onlineResource>
                                    </cit:CI_Contact>
                                 </cit:contactInfo>
                              </cit:CI_Organisation>
                           </cit:party>
                        </cit:CI_Responsibility>
                     </cit:citedResponsibleParty>
                     <cit:onlineResource>
                        <cit:CI_OnlineResource>
                           <cit:linkage>
                              <gco:CharacterString>http://creativecommons.org/licenses/by/4.0/</gco:CharacterString>
                           </cit:linkage>
                           <cit:protocol>
                              <gco:CharacterString>WWW:LINK-1.0-http--related</gco:CharacterString>
                           </cit:protocol>
                           <cit:description>
                              <gco:CharacterString>License Text</gco:CharacterString>
                           </cit:description>
                        </cit:CI_OnlineResource>
                     </cit:onlineResource>
                  </cit:CI_Citation>
               </mco:reference>
               <mco:otherConstraints>
                  <gco:CharacterString>The citation in a list of references is: "IMOS [year-of-data-download], [Title], [data-access-URL], accessed [date-of-access]."</gco:CharacterString>
               </mco:otherConstraints>
               <mco:otherConstraints>
                  <gco:CharacterString>Any users of IMOS data are required to clearly acknowledge the source of the material derived from IMOS in the format: "Data was sourced from the Integrated Marine Observing System (IMOS) - IMOS is a national collaborative research infrastructure, supported by the Australian Government." If relevant, also credit other organisations involved in collection of this particular datastream (as listed in 'credit' in the metadata record).</gco:CharacterString>
               </mco:otherConstraints>
            </mco:MD_LegalConstraints>
         </mri:resourceConstraints>
         <mri:defaultLocale>
            <lan:PT_Locale>
               <lan:language>
                  <lan:LanguageCode codeList="http://www.loc.gov/standards/iso639-2/" codeListValue="eng"/>
               </lan:language>
               <lan:characterEncoding gco:nilReason="unknown"/>
            </lan:PT_Locale>
         </mri:defaultLocale>
      </mri:MD_DataIdentification>
   </mdb:identificationInfo>
</mdb:MD_Metadata>
