<?xml version="1.0" encoding="UTF-8"?>
<mdb:MD_Metadata xmlns:xsi="http://www.w3.org/2001/XMLSchema-instance"
                 xmlns:cat="http://standards.iso.org/iso/19115/-3/cat/1.0"
                 xmlns:cit="http://standards.iso.org/iso/19115/-3/cit/2.0"
                 xmlns:gcx="http://standards.iso.org/iso/19115/-3/gcx/1.0"
                 xmlns:gex="http://standards.iso.org/iso/19115/-3/gex/1.0"
                 xmlns:lan="http://standards.iso.org/iso/19115/-3/lan/1.0"
                 xmlns:srv="http://standards.iso.org/iso/19115/-3/srv/2.0"
                 xmlns:mas="http://standards.iso.org/iso/19115/-3/mas/1.0"
                 xmlns:mcc="http://standards.iso.org/iso/19115/-3/mcc/1.0"
                 xmlns:mco="http://standards.iso.org/iso/19115/-3/mco/1.0"
                 xmlns:mda="http://standards.iso.org/iso/19115/-3/mda/1.0"
                 xmlns:mdb="http://standards.iso.org/iso/19115/-3/mdb/2.0"
                 xmlns:mds="http://standards.iso.org/iso/19115/-3/mds/1.0"
                 xmlns:mdt="http://standards.iso.org/iso/19115/-3/mdt/1.0"
                 xmlns:mex="http://standards.iso.org/iso/19115/-3/mex/1.0"
                 xmlns:mmi="http://standards.iso.org/iso/19115/-3/mmi/1.0"
                 xmlns:mpc="http://standards.iso.org/iso/19115/-3/mpc/1.0"
                 xmlns:mrc="http://standards.iso.org/iso/19115/-3/mrc/2.0"
                 xmlns:mrd="http://standards.iso.org/iso/19115/-3/mrd/1.0"
                 xmlns:mri="http://standards.iso.org/iso/19115/-3/mri/1.0"
                 xmlns:mrl="http://standards.iso.org/iso/19115/-3/mrl/2.0"
                 xmlns:mrs="http://standards.iso.org/iso/19115/-3/mrs/1.0"
                 xmlns:msr="http://standards.iso.org/iso/19115/-3/msr/2.0"
                 xmlns:mdq="http://standards.iso.org/iso/19157/-2/mdq/1.0"
                 xmlns:mac="http://standards.iso.org/iso/19115/-3/mac/2.0"
                 xmlns:gco="http://standards.iso.org/iso/19115/-3/gco/1.0"
                 xmlns:gml="http://www.opengis.net/gml/3.2"
                 xmlns:xlink="http://www.w3.org/1999/xlink"
                 xsi:schemaLocation="http://standards.iso.org/iso/19115/-3/cat/1.0 http://standards.iso.org/iso/19115/-3/cat/1.0/cat.xsd http://standards.iso.org/iso/19115/-3/cit/2.0 http://standards.iso.org/iso/19115/-3/cit/2.0/cit.xsd http://standards.iso.org/iso/19115/-3/gcx/1.0 http://standards.iso.org/iso/19115/-3/gcx/1.0/gcx.xsd http://standards.iso.org/iso/19115/-3/gex/1.0 http://standards.iso.org/iso/19115/-3/gex/1.0/gex.xsd http://standards.iso.org/iso/19115/-3/lan/1.0 http://standards.iso.org/iso/19115/-3/lan/1.0/lan.xsd http://standards.iso.org/iso/19115/-3/srv/2.0 http://standards.iso.org/iso/19115/-3/srv/2.0/srv.xsd http://standards.iso.org/iso/19115/-3/mas/1.0 http://standards.iso.org/iso/19115/-3/mas/1.0/mas.xsd http://standards.iso.org/iso/19115/-3/mcc/1.0 http://standards.iso.org/iso/19115/-3/mcc/1.0/mcc.xsd http://standards.iso.org/iso/19115/-3/mco/1.0 http://standards.iso.org/iso/19115/-3/mco/1.0/mco.xsd http://standards.iso.org/iso/19115/-3/mda/2.0 http://standards.iso.org/iso/19115/-3/mda/2.0/mda.xsd http://standards.iso.org/iso/19115/-3/mdb/2.0 http://standards.iso.org/iso/19115/-3/mdb/2.0/mdb.xsd http://standards.iso.org/iso/19115/-3/mds/2.0 http://standards.iso.org/iso/19115/-3/mds/2.0/mds.xsd http://standards.iso.org/iso/19115/-3/mdt/2.0 http://standards.iso.org/iso/19115/-3/mdt/2.0/mdt.xsd http://standards.iso.org/iso/19115/-3/mex/1.0 http://standards.iso.org/iso/19115/-3/mex/1.0/mex.xsd http://standards.iso.org/iso/19115/-3/mmi/1.0 http://standards.iso.org/iso/19115/-3/mmi/1.0/mmi.xsd http://standards.iso.org/iso/19115/-3/mpc/1.0 http://standards.iso.org/iso/19115/-3/mpc/1.0/mpc.xsd http://standards.iso.org/iso/19115/-3/mrc/2.0 http://standards.iso.org/iso/19115/-3/mrc/2.0/mrc.xsd http://standards.iso.org/iso/19115/-3/mrd/1.0 http://standards.iso.org/iso/19115/-3/mrd/1.0/mrd.xsd http://standards.iso.org/iso/19115/-3/mri/1.0 http://standards.iso.org/iso/19115/-3/mri/1.0/mri.xsd http://standards.iso.org/iso/19115/-3/mrl/2.0 http://standards.iso.org/iso/19115/-3/mrl/2.0/mrl.xsd http://standards.iso.org/iso/19115/-3/mrs/1.0 http://standards.iso.org/iso/19115/-3/mrs/1.0/mrs.xsd http://standards.iso.org/iso/19115/-3/msr/2.0 http://standards.iso.org/iso/19115/-3/msr/2.0/msr.xsd http://standards.iso.org/iso/19157/-2/mdq/1.0 http://standards.iso.org/iso/19157/-2/mdq/1.0/mdq.xsd http://standards.iso.org/iso/19115/-3/mac/2.0 http://standards.iso.org/iso/19115/-3/mac/2.0/mac.xsd http://standards.iso.org/iso/19115/-3/gco/1.0 http://standards.iso.org/iso/19115/-3/gco/1.0/gco.xsd http://standards.iso.org/iso/19115/-3/gmw/1.0 http://standards.iso.org/iso/19115/-3/gmw/1.0/gmw.xsd http://www.opengis.net/gml/3.2 http://schemas.opengis.net/gml/3.2.1/gml.xsd http://www.w3.org/1999/xlink http://www.w3.org/1999/xlink.xsd">
   <mdb:metadataIdentifier>
      <mcc:MD_Identifier>
         <mcc:code>
            <gco:CharacterString>8964658c-6ee1-4015-9bae-2937dfcc6ab9</gco:CharacterString>
         </mcc:code>
      </mcc:MD_Identifier>
   </mdb:metadataIdentifier>
   <mdb:contact gco:nilReason="missing"/>
   <mdb:dateInfo gco:nilReason="missing"/>
   <mdb:metadataStandard>
      <cit:CI_Citation>
         <cit:title>
            <gco:CharacterString>ISO 19115-3:2018</gco:CharacterString>
         </cit:title>
      </cit:CI_Citation>
   </mdb:metadataStandard>
   <mdb:identificationInfo>
      <mri:MD_DataIdentification>
         <mri:citation gco:nilReason="missing"/>
         <mri:abstract gco:nilReason="missing"/>
         <mri:descriptiveKeywords>
            <mri:MD_Keywords>
               <mri:keyword gco:nilReason="missing">
                  <gco:CharacterString/>
               </mri:keyword>
               <mri:keyword>
                  <gcx:Anchor xlink:href="http://www.marlin.csiro.au/geonetwork/srv/eng/xml.keyword.get?thesaurus=external.theme.gcmd_keywords&amp;id=http://gcmdservices.gsfc.nasa.gov/kms/concept/7437925f-7e10-4c96-af36-f3532ec24276">Earth Science | Biological Classification | Bacteria/Archaea</gcx:Anchor>
               </mri:keyword>
               <mri:type>
                  <mri:MD_KeywordTypeCode codeList="http://standards.iso.org/iso/19115/resources/Codelists/cat/codelists.xml#MD_KeywordTypeCode"
                                          codeListValue="place"/>
               </mri:type>
               <mri:thesaurusName>
                  <cit:CI_Citation>
                     <cit:title>
                        <gco:CharacterString>AODN Geographic Extents Vocabulary</gco:CharacterString>
                     </cit:title>
                     <cit:date>
                        <cit:CI_Date>
                           <cit:date>
                              <gco:DateTime>2017-06-15T00:00:00</gco:DateTime>
                           </cit:date>
                           <cit:dateType>
                              <cit:CI_DateTypeCode codeList="http://standards.iso.org/iso/19115/resources/Codelists/cat/codelists.xml#CI_DateTypeCode"
                                                   codeListValue="revision"/>
                           </cit:dateType>
                        </cit:CI_Date>
                     </cit:date>
                     <cit:editionDate>
                        <gco:DateTime>2008-10-30T00:00:00</gco:DateTime>
                     </cit:editionDate>
                     <cit:otherCitationDetails>
                        <gco:CharacterString>https://vocabs.ands.org.au/aodn-geographic-extents-vocabulary</gco:CharacterString>
                     </cit:otherCitationDetails>
                  </cit:CI_Citation>
               </mri:thesaurusName>
            </mri:MD_Keywords>
         </mri:descriptiveKeywords>
         <mri:descriptiveKeywords>
            <mri:MD_Keywords>
               <mri:keyword>
                  <gco:CharacterString>EARTH SCIENCE &gt; BIOLOGICAL CLASSIFICATION &gt; ANIMALS/INVERTEBRATES &gt; ARTHROPODS &gt; CRUSTACEANS &gt; EUPHAUSIIDS (KRILL)</gco:CharacterString>
               </mri:keyword>
               <mri:keyword>
                  <gco:CharacterString>EARTH SCIENCE &gt; BIOLOGICAL CLASSIFICATION &gt; ANIMALS/INVERTEBRATES</gco:CharacterString>
               </mri:keyword>
               <mri:keyword>
                  <gco:CharacterString>EARTH SCIENCE &gt; BIOLOGICAL CLASSIFICATION &gt; ANIMALS/INVERTEBRATES &gt; ARTHROPODS &gt; CRUSTACEANS &gt; COPEPODS</gco:CharacterString>
               </mri:keyword>
               <mri:keyword>
                  <gco:CharacterString>EARTH SCIENCE &gt; BIOLOGICAL CLASSIFICATION &gt; ANIMALS/INVERTEBRATES &gt; ARTHROPODS</gco:CharacterString>
               </mri:keyword>
               <mri:keyword>
                  <gco:CharacterString>EARTH SCIENCE &gt; BIOSPHERE &gt; AQUATIC ECOSYSTEMS &gt; PLANKTON &gt; ZOOPLANKTON</gco:CharacterString>
               </mri:keyword>
               <mri:thesaurusName>
                  <cit:CI_Citation>
                     <cit:title>
                        <gco:CharacterString>NASA/GCMD Earth Science Keywords</gco:CharacterString>
                     </cit:title>
                     <cit:alternateTitle>
                        <gco:CharacterString>Science Keywords</gco:CharacterString>
                     </cit:alternateTitle>
                     <cit:date>
                        <cit:CI_Date>
                           <cit:date>
                              <gco:DateTime>2012-10-16T00:00:00</gco:DateTime>
                           </cit:date>
                           <cit:dateType>
                              <cit:CI_DateTypeCode codeList="http://standards.iso.org/iso/19115/resources/Codelists/cat/codelists.xml#CI_DateTypeCode"
                                                   codeListValue="revision"/>
                           </cit:dateType>
                        </cit:CI_Date>
                     </cit:date>
                  </cit:CI_Citation>
               </mri:thesaurusName>
            </mri:MD_Keywords>
         </mri:descriptiveKeywords>
         <mri:descriptiveKeywords>
            <mri:MD_Keywords>
               <mri:keyword>
                  <gco:CharacterString>Countries | Australia</gco:CharacterString>
               </mri:keyword>
               <mri:keyword>
                  <gco:CharacterString>Marine Planning Regions (Australia) | Australian Antarctic</gco:CharacterString>
               </mri:keyword>
               <mri:keyword>
                  <gco:CharacterString>States, Territories (Australia) | Tasmania</gco:CharacterString>
               </mri:keyword>
               <mri:keyword>
                  <gco:CharacterString>Coastal Cities / Towns (Australia) | Hobart, TAS</gco:CharacterString>
               </mri:keyword>
               <mri:keyword>
                  <gco:CharacterString>Global / Oceans | Southern Ocean</gco:CharacterString>
               </mri:keyword>
               <mri:type>
                  <mri:MD_KeywordTypeCode codeList="http://standards.iso.org/iso/19115/resources/Codelists/cat/codelists.xml#MD_KeywordTypeCode"
                                          codeListValue="place"/>
               </mri:type>
               <mri:thesaurusName>
                  <cit:CI_Citation>
                     <cit:title>
                        <gco:CharacterString>Marine Community Profile of ISO19115 v1.4 Geographic Extent Vocabulary (Annex C.1.2)</gco:CharacterString>
                     </cit:title>
                     <cit:alternateTitle>
                        <gco:CharacterString>MCP</gco:CharacterString>
                     </cit:alternateTitle>
                     <cit:date>
                        <cit:CI_Date>
                           <cit:date gco:nilReason="missing"/>
                           <cit:dateType>
                              <cit:CI_DateTypeCode codeList="http://standards.iso.org/iso/19115/resources/Codelists/cat/codelists.xml#CI_DateTypeCode"
                                                   codeListValue="revision"/>
                           </cit:dateType>
                        </cit:CI_Date>
                     </cit:date>
                     <cit:editionDate>
                        <gco:DateTime>2008-10-30T00:00:00</gco:DateTime>
                     </cit:editionDate>
                     <cit:citedResponsibleParty>
                        <cit:CI_Responsibility>
                           <cit:role>
                              <cit:CI_RoleCode codeList="http://standards.iso.org/iso/19115/resources/Codelists/cat/codelists.xml#CI_RoleCode"
                                               codeListValue="owner"/>
                           </cit:role>
                           <cit:party>
                              <cit:CI_Organisation>
                                 <cit:name>
                                    <gco:CharacterString>Australian Ocean Data Centre Joint Facility (AODCJF)</gco:CharacterString>
                                 </cit:name>
                              </cit:CI_Organisation>
                           </cit:party>
                        </cit:CI_Responsibility>
                     </cit:citedResponsibleParty>
                  </cit:CI_Citation>
               </mri:thesaurusName>
            </mri:MD_Keywords>
         </mri:descriptiveKeywords>
         <mri:defaultLocale>
            <lan:PT_Locale>
               <lan:language>
                  <lan:LanguageCode codeList="http://www.loc.gov/standards/iso639-2/" codeListValue="eng"/>
               </lan:language>
               <lan:characterEncoding gco:nilReason="unknown"/>
            </lan:PT_Locale>
         </mri:defaultLocale>
      </mri:MD_DataIdentification>
   </mdb:identificationInfo>
</mdb:MD_Metadata>
